19:31:21 **** Incremental Build of configuration Debug for project Game ****
make all 
make: Nothing to be done for 'all'.
19:31:26 **** Incremental Build of configuration Debug for project Game ****
make all 
make: Nothing to be done for 'all'.
19:56:24 **** Incremental Build of configuration Debug for project Game ****
make all 
make: Nothing to be done for 'all'.
20:04:09 **** Incremental Build of configuration Debug for project Game ****
make all 
make: Nothing to be done for 'all'.
10:34:26 **** Incremental Build of configuration Debug for project Game ****
make all 
make: Nothing to be done for 'all'.
10:37:39 **** Auto Build of configuration Debug for project Game ****
make all 
'Building file: ../src/main.c'
'Invoking: MicroBlaze gcc compiler'
mb-gcc -Wall -O0 -g3 -c -fmessage-length=0 -MT"src/main.o" -I../../Game_bsp/microblaze_0/include -mlittle-endian -mcpu=v11.0 -mxl-soft-mul -Wl,--no-relax -ffunction-sections -fdata-sections -MMD -MP -MF"src/main.d" -MT"src/main.o" -o "src/main.o" "../src/main.c"
../src/main.c: In function 'main':
../src/main.c:10:3: warning: implicit declaration of function 'delay' [-Wimplicit-function-declaration]
   delay(1000);
   ^~~~~
'Finished building: ../src/main.c'
' '
'Building target: Game.elf'
'Invoking: MicroBlaze gcc linker'
mb-gcc -Wl,-T -Wl,../src/lscript.ld -L../../Game_bsp/microblaze_0/lib -mlittle-endian -mcpu=v11.0 -mxl-soft-mul -Wl,--no-relax -Wl,--gc-sections -o "Game.elf"  ./src/drivers/vga.o  ./src/main.o   -Wl,--start-group,-lxil,-lgcc,-lc,--end-group
'Finished building target: Game.elf'
' '
'Invoking: MicroBlaze Print Size'
mb-size Game.elf  |tee "Game.elf.size"
   text	   data	    bss	    dec	    hex	filename
   2768	    268	   3108	   6144	   1800	Game.elf
'Finished building: Game.elf.size'
' '
10:37:47 **** Auto Build of configuration Debug for project Game ****
make all 
'Building file: ../src/main.c'
'Invoking: MicroBlaze gcc compiler'
mb-gcc -Wall -O0 -g3 -c -fmessage-length=0 -MT"src/main.o" -I../../Game_bsp/microblaze_0/include -mlittle-endian -mcpu=v11.0 -mxl-soft-mul -Wl,--no-relax -ffunction-sections -fdata-sections -MMD -MP -MF"src/main.d" -MT"src/main.o" -o "src/main.o" "../src/main.c"
../src/main.c: In function 'main':
../src/main.c:10:3: warning: implicit declaration of function 'delay' [-Wimplicit-function-declaration]
   delay(1000);
   ^~~~~
'Finished building: ../src/main.c'
' '
'Building target: Game.elf'
'Invoking: MicroBlaze gcc linker'
mb-gcc -Wl,-T -Wl,../src/lscript.ld -L../../Game_bsp/microblaze_0/lib -mlittle-endian -mcpu=v11.0 -mxl-soft-mul -Wl,--no-relax -Wl,--gc-sections -o "Game.elf"  ./src/drivers/vga.o  ./src/main.o   -Wl,--start-group,-lxil,-lgcc,-lc,--end-group
'Finished building target: Game.elf'
' '
'Invoking: MicroBlaze Print Size'
mb-size Game.elf  |tee "Game.elf.size"
   text	   data	    bss	    dec	    hex	filename
   2784	    268	   3108	   6160	   1810	Game.elf
'Finished building: Game.elf.size'
' '
10:39:03 **** Auto Build of configuration Debug for project Game ****
make all 
'Building file: ../src/drivers/vga.c'
'Invoking: MicroBlaze gcc compiler'
mb-gcc -Wall -O0 -g3 -c -fmessage-length=0 -MT"src/drivers/vga.o" -I../../Game_bsp/microblaze_0/include -mlittle-endian -mcpu=v11.0 -mxl-soft-mul -Wl,--no-relax -ffunction-sections -fdata-sections -MMD -MP -MF"src/drivers/vga.d" -MT"src/drivers/vga.o" -o "src/drivers/vga.o" "../src/drivers/vga.c"
In file included from ../src/drivers/vga.c:1:0:
../src/drivers/vga.c: In function 'vga_draw':
../src/drivers/vga.h:6:18: warning: initialization makes pointer from integer without a cast [-Wint-conversion]
 #define VGA_ADDR (0x44a00000)
                  ^
../src/drivers/vga.c:14:22: note: in expansion of macro 'VGA_ADDR'
  unsigned int *vga = VGA_ADDR;
                      ^~~~~~~~
'Finished building: ../src/drivers/vga.c'
' '
'Building file: ../src/main.c'
'Invoking: MicroBlaze gcc compiler'
mb-gcc -Wall -O0 -g3 -c -fmessage-length=0 -MT"src/main.o" -I../../Game_bsp/microblaze_0/include -mlittle-endian -mcpu=v11.0 -mxl-soft-mul -Wl,--no-relax -ffunction-sections -fdata-sections -MMD -MP -MF"src/main.d" -MT"src/main.o" -o "src/main.o" "../src/main.c"
'Finished building: ../src/main.c'
' '
'Building target: Game.elf'
'Invoking: MicroBlaze gcc linker'
mb-gcc -Wl,-T -Wl,../src/lscript.ld -L../../Game_bsp/microblaze_0/lib -mlittle-endian -mcpu=v11.0 -mxl-soft-mul -Wl,--no-relax -Wl,--gc-sections -o "Game.elf"  ./src/drivers/vga.o  ./src/main.o   -Wl,--start-group,-lxil,-lgcc,-lc,--end-group
'Finished building target: Game.elf'
' '
'Invoking: MicroBlaze Print Size'
mb-size Game.elf  |tee "Game.elf.size"
   text	   data	    bss	    dec	    hex	filename
   2784	    268	   3108	   6160	   1810	Game.elf
'Finished building: Game.elf.size'
' '
10:39:27 **** Incremental Build of configuration Debug for project Game ****
make all 
make: Nothing to be done for 'all'.
10:40:05 **** Incremental Build of configuration Debug for project Game ****
make all 
make: Nothing to be done for 'all'.
11:42:48 **** Incremental Build of configuration Debug for project Game ****
make all 
make: Nothing to be done for 'all'.
11:43:45 **** Incremental Build of configuration Debug for project Game ****
make all 
make: Nothing to be done for 'all'.
11:49:56 **** Incremental Build of configuration Debug for project Game ****
make all 
make: Nothing to be done for 'all'.
11:58:27 **** Auto Build of project Game_bsp ****
make -k all 
"Running Make include in microblaze_0/libsrc/bram_v4_2/src"
make -C microblaze_0/libsrc/bram_v4_2/src -s include  "SHELL=CMD" "COMPILER=mb-gcc" "ARCHIVER=mb-ar" "COMPILER_FLAGS=  -O2 -c -mcpu=v11.0 -mlittle-endian -mxl-soft-mul" "EXTRA_COMPILER_FLAGS=-ffunction-sections -fdata-sections -Wall -Wextra"
"Running Make include in microblaze_0/libsrc/cpu_v2_8/src"
make -C microblaze_0/libsrc/cpu_v2_8/src -s include  "SHELL=CMD" "COMPILER=mb-gcc" "ARCHIVER=mb-ar" "COMPILER_FLAGS=  -O2 -c -mcpu=v11.0 -mlittle-endian -mxl-soft-mul" "EXTRA_COMPILER_FLAGS=-ffunction-sections -fdata-sections -Wall -Wextra"
"Running Make include in microblaze_0/libsrc/standalone_v6_8/src"
make -C microblaze_0/libsrc/standalone_v6_8/src -s include  "SHELL=CMD" "COMPILER=mb-gcc" "ARCHIVER=mb-ar" "COMPILER_FLAGS=  -O2 -c -mcpu=v11.0 -mlittle-endian -mxl-soft-mul" "EXTRA_COMPILER_FLAGS=-ffunction-sections -fdata-sections -Wall -Wextra"
"Running Make libs in microblaze_0/libsrc/bram_v4_2/src"
make -C microblaze_0/libsrc/bram_v4_2/src -s libs  "SHELL=CMD" "COMPILER=mb-gcc" "ARCHIVER=mb-ar" "COMPILER_FLAGS=  -O2 -c -mcpu=v11.0 -mlittle-endian -mxl-soft-mul" "EXTRA_COMPILER_FLAGS=-ffunction-sections -fdata-sections -Wall -Wextra"
"Compiling bram"
mb-ar: creating ../../../lib/libxil.a
"Running Make libs in microblaze_0/libsrc/cpu_v2_8/src"
make -C microblaze_0/libsrc/cpu_v2_8/src -s libs  "SHELL=CMD" "COMPILER=mb-gcc" "ARCHIVER=mb-ar" "COMPILER_FLAGS=  -O2 -c -mcpu=v11.0 -mlittle-endian -mxl-soft-mul" "EXTRA_COMPILER_FLAGS=-ffunction-sections -fdata-sections -Wall -Wextra"
"Compiling cpu"
"Running Make libs in microblaze_0/libsrc/standalone_v6_8/src"
make -C microblaze_0/libsrc/standalone_v6_8/src -s libs  "SHELL=CMD" "COMPILER=mb-gcc" "ARCHIVER=mb-ar" "COMPILER_FLAGS=  -O2 -c -mcpu=v11.0 -mlittle-endian -mxl-soft-mul" "EXTRA_COMPILER_FLAGS=-ffunction-sections -fdata-sections -Wall -Wextra"
"Compiling standalone";
inbyte.c: In function 'inbyte':
inbyte.c:11:1: warning: control reaches end of non-void function [-Wreturn-type]
 }
 ^
outbyte.c: In function 'outbyte':
outbyte.c:11:19: warning: unused parameter 'c' [-Wunused-parameter]
 void outbyte(char c) {
                   ^
microblaze_sleep.c:77:9: note: #pragma message: For the sleep routines, assembly instructions are used
 #pragma message ("For the sleep routines, assembly instructions are used")
         ^~~~~~~
'Finished building libraries'
11:58:33 **** Auto Build of configuration Debug for project Game ****
make all 
make: Nothing to be done for 'all'.
12:42:25 **** Auto Build of project Game_bsp ****
make -k all 
"Running Make include in microblaze_0/libsrc/bram_v4_2/src"
make -C microblaze_0/libsrc/bram_v4_2/src -s include  "SHELL=CMD" "COMPILER=mb-gcc" "ARCHIVER=mb-ar" "COMPILER_FLAGS=  -O2 -c -mcpu=v11.0 -mlittle-endian -mxl-soft-mul" "EXTRA_COMPILER_FLAGS=-ffunction-sections -fdata-sections -Wall -Wextra"
"Running Make include in microblaze_0/libsrc/cpu_v2_8/src"
make -C microblaze_0/libsrc/cpu_v2_8/src -s include  "SHELL=CMD" "COMPILER=mb-gcc" "ARCHIVER=mb-ar" "COMPILER_FLAGS=  -O2 -c -mcpu=v11.0 -mlittle-endian -mxl-soft-mul" "EXTRA_COMPILER_FLAGS=-ffunction-sections -fdata-sections -Wall -Wextra"
"Running Make include in microblaze_0/libsrc/standalone_v6_8/src"
make -C microblaze_0/libsrc/standalone_v6_8/src -s include  "SHELL=CMD" "COMPILER=mb-gcc" "ARCHIVER=mb-ar" "COMPILER_FLAGS=  -O2 -c -mcpu=v11.0 -mlittle-endian -mxl-soft-mul" "EXTRA_COMPILER_FLAGS=-ffunction-sections -fdata-sections -Wall -Wextra"
"Running Make libs in microblaze_0/libsrc/bram_v4_2/src"
make -C microblaze_0/libsrc/bram_v4_2/src -s libs  "SHELL=CMD" "COMPILER=mb-gcc" "ARCHIVER=mb-ar" "COMPILER_FLAGS=  -O2 -c -mcpu=v11.0 -mlittle-endian -mxl-soft-mul" "EXTRA_COMPILER_FLAGS=-ffunction-sections -fdata-sections -Wall -Wextra"
"Compiling bram"
mb-ar: creating ../../../lib/libxil.a
"Running Make libs in microblaze_0/libsrc/cpu_v2_8/src"
make -C microblaze_0/libsrc/cpu_v2_8/src -s libs  "SHELL=CMD" "COMPILER=mb-gcc" "ARCHIVER=mb-ar" "COMPILER_FLAGS=  -O2 -c -mcpu=v11.0 -mlittle-endian -mxl-soft-mul" "EXTRA_COMPILER_FLAGS=-ffunction-sections -fdata-sections -Wall -Wextra"
"Compiling cpu"
"Running Make libs in microblaze_0/libsrc/standalone_v6_8/src"
make -C microblaze_0/libsrc/standalone_v6_8/src -s libs  "SHELL=CMD" "COMPILER=mb-gcc" "ARCHIVER=mb-ar" "COMPILER_FLAGS=  -O2 -c -mcpu=v11.0 -mlittle-endian -mxl-soft-mul" "EXTRA_COMPILER_FLAGS=-ffunction-sections -fdata-sections -Wall -Wextra"
"Compiling standalone";
inbyte.c: In function 'inbyte':
inbyte.c:11:1: warning: control reaches end of non-void function [-Wreturn-type]
 }
 ^
outbyte.c: In function 'outbyte':
outbyte.c:11:19: warning: unused parameter 'c' [-Wunused-parameter]
 void outbyte(char c) {
                   ^
microblaze_sleep.c:77:9: note: #pragma message: For the sleep routines, assembly instructions are used
 #pragma message ("For the sleep routines, assembly instructions are used")
         ^~~~~~~
'Finished building libraries'
12:42:29 **** Auto Build of configuration Debug for project Game ****
make all 
make: Nothing to be done for 'all'.
12:43:04 **** Incremental Build of configuration Debug for project Game ****
make all 
make: Nothing to be done for 'all'.
13:04:23 **** Incremental Build of configuration Debug for project Game ****
make all 
make: Nothing to be done for 'all'.
13:05:20 **** Incremental Build of configuration Debug for project Game ****
make all 
make: Nothing to be done for 'all'.
18:45:32 **** Incremental Build of configuration Debug for project Game ****
make all 
make: Nothing to be done for 'all'.
18:46:34 **** Auto Build of configuration Debug for project Game ****
make all 
'Building file: ../src/drivers/vga.c'
'Invoking: MicroBlaze gcc compiler'
mb-gcc -Wall -O0 -g3 -c -fmessage-length=0 -MT"src/drivers/vga.o" -I../../Game_bsp/microblaze_0/include -mlittle-endian -mcpu=v11.0 -mxl-soft-mul -Wl,--no-relax -ffunction-sections -fdata-sections -MMD -MP -MF"src/drivers/vga.d" -MT"src/drivers/vga.o" -o "src/drivers/vga.o" "../src/drivers/vga.c"
In file included from ../src/drivers/vga.c:1:0:
../src/drivers/vga.c: In function 'vga_draw':
../src/drivers/vga.h:6:18: warning: initialization makes pointer from integer without a cast [-Wint-conversion]
 #define VGA_ADDR (0x44a00000)
                  ^
../src/drivers/vga.c:14:22: note: in expansion of macro 'VGA_ADDR'
  unsigned int *vga = VGA_ADDR;
                      ^~~~~~~~
'Finished building: ../src/drivers/vga.c'
' '
'Building target: Game.elf'
'Invoking: MicroBlaze gcc linker'
mb-gcc -Wl,-T -Wl,../src/lscript.ld -L../../Game_bsp/microblaze_0/lib -mlittle-endian -mcpu=v11.0 -mxl-soft-mul -Wl,--no-relax -Wl,--gc-sections -o "Game.elf"  ./src/drivers/vga.o  ./src/main.o   -Wl,--start-group,-lxil,-lgcc,-lc,--end-group
'Finished building target: Game.elf'
' '
'Invoking: MicroBlaze Print Size'
mb-size Game.elf  |tee "Game.elf.size"
   text	   data	    bss	    dec	    hex	filename
   2784	    268	   3108	   6160	   1810	Game.elf
'Finished building: Game.elf.size'
' '
18:46:38 **** Incremental Build of configuration Debug for project Game ****
make all 
make: Nothing to be done for 'all'.
18:47:26 **** Incremental Build of configuration Debug for project Game ****
make all 
make: Nothing to be done for 'all'.
21:28:29 **** Auto Build of configuration Debug for project Game ****
make all 
'Building file: ../src/drivers/vga.c'
'Invoking: MicroBlaze gcc compiler'
mb-gcc -Wall -O0 -g3 -c -fmessage-length=0 -MT"src/drivers/vga.o" -I../../Game_bsp/microblaze_0/include -mlittle-endian -mcpu=v11.0 -mxl-soft-mul -Wl,--no-relax -ffunction-sections -fdata-sections -MMD -MP -MF"src/drivers/vga.d" -MT"src/drivers/vga.o" -o "src/drivers/vga.o" "../src/drivers/vga.c"
In file included from ../src/drivers/vga.c:1:0:
../src/drivers/vga.c: In function 'vga_draw':
../src/drivers/vga.h:6:18: warning: initialization makes pointer from integer without a cast [-Wint-conversion]
 #define VGA_ADDR (0x44a00000)
                  ^
../src/drivers/vga.c:14:22: note: in expansion of macro 'VGA_ADDR'
  unsigned int *vga = VGA_ADDR;
                      ^~~~~~~~
../src/drivers/vga.c: At top level:
../src/drivers/vga.c:19:62: error: unknown type name 'uint8t_t'
 void vga_draw_circle(const uint8_t X, const uint8_t Y, const uint8t_t R, const int color){
                                                              ^~~~~~~~
make: *** [src/drivers/subdir.mk:20: src/drivers/vga.o] Error 1
21:28:37 **** Auto Build of configuration Debug for project Game ****
make all 
'Building file: ../src/drivers/vga.c'
'Invoking: MicroBlaze gcc compiler'
mb-gcc -Wall -O0 -g3 -c -fmessage-length=0 -MT"src/drivers/vga.o" -I../../Game_bsp/microblaze_0/include -mlittle-endian -mcpu=v11.0 -mxl-soft-mul -Wl,--no-relax -ffunction-sections -fdata-sections -MMD -MP -MF"src/drivers/vga.d" -MT"src/drivers/vga.o" -o "src/drivers/vga.o" "../src/drivers/vga.c"
In file included from ../src/drivers/vga.c:1:0:
../src/drivers/vga.c: In function 'vga_draw':
../src/drivers/vga.h:6:18: warning: initialization makes pointer from integer without a cast [-Wint-conversion]
 #define VGA_ADDR (0x44a00000)
                  ^
../src/drivers/vga.c:14:22: note: in expansion of macro 'VGA_ADDR'
  unsigned int *vga = VGA_ADDR;
                      ^~~~~~~~
'Finished building: ../src/drivers/vga.c'
' '
'Building target: Game.elf'
'Invoking: MicroBlaze gcc linker'
mb-gcc -Wl,-T -Wl,../src/lscript.ld -L../../Game_bsp/microblaze_0/lib -mlittle-endian -mcpu=v11.0 -mxl-soft-mul -Wl,--no-relax -Wl,--gc-sections -o "Game.elf"  ./src/drivers/vga.o  ./src/main.o   -Wl,--start-group,-lxil,-lgcc,-lc,--end-group
'Finished building target: Game.elf'
' '
'Invoking: MicroBlaze Print Size'
mb-size Game.elf  |tee "Game.elf.size"
   text	   data	    bss	    dec	    hex	filename
   2784	    268	   3108	   6160	   1810	Game.elf
'Finished building: Game.elf.size'
' '
21:31:50 **** Auto Build of configuration Debug for project Game ****
make all 
'Building file: ../src/drivers/vga.c'
'Invoking: MicroBlaze gcc compiler'
mb-gcc -Wall -O0 -g3 -c -fmessage-length=0 -MT"src/drivers/vga.o" -I../../Game_bsp/microblaze_0/include -mlittle-endian -mcpu=v11.0 -mxl-soft-mul -Wl,--no-relax -ffunction-sections -fdata-sections -MMD -MP -MF"src/drivers/vga.d" -MT"src/drivers/vga.o" -o "src/drivers/vga.o" "../src/drivers/vga.c"
In file included from ../src/drivers/vga.c:1:0:
../src/drivers/vga.c: In function 'vga_draw':
../src/drivers/vga.h:6:18: warning: initialization makes pointer from integer without a cast [-Wint-conversion]
 #define VGA_ADDR (0x44a00000)
                  ^
../src/drivers/vga.c:14:22: note: in expansion of macro 'VGA_ADDR'
  unsigned int *vga = VGA_ADDR;
                      ^~~~~~~~
'Finished building: ../src/drivers/vga.c'
' '
'Building file: ../src/main.c'
'Invoking: MicroBlaze gcc compiler'
mb-gcc -Wall -O0 -g3 -c -fmessage-length=0 -MT"src/main.o" -I../../Game_bsp/microblaze_0/include -mlittle-endian -mcpu=v11.0 -mxl-soft-mul -Wl,--no-relax -ffunction-sections -fdata-sections -MMD -MP -MF"src/main.d" -MT"src/main.o" -o "src/main.o" "../src/main.c"
'Finished building: ../src/main.c'
' '
'Building target: Game.elf'
'Invoking: MicroBlaze gcc linker'
mb-gcc -Wl,-T -Wl,../src/lscript.ld -L../../Game_bsp/microblaze_0/lib -mlittle-endian -mcpu=v11.0 -mxl-soft-mul -Wl,--no-relax -Wl,--gc-sections -o "Game.elf"  ./src/drivers/vga.o  ./src/main.o   -Wl,--start-group,-lxil,-lgcc,-lc,--end-group
'Finished building target: Game.elf'
' '
'Invoking: MicroBlaze Print Size'
mb-size Game.elf  |tee "Game.elf.size"
   text	   data	    bss	    dec	    hex	filename
   2784	    268	   3108	   6160	   1810	Game.elf
'Finished building: Game.elf.size'
' '
21:31:57 **** Incremental Build of configuration Debug for project Game ****
make all 
'Building file: ../src/main.c'
'Invoking: MicroBlaze gcc compiler'
mb-gcc -Wall -O0 -g3 -c -fmessage-length=0 -MT"src/main.o" -I../../Game_bsp/microblaze_0/include -mlittle-endian -mcpu=v11.0 -mxl-soft-mul -Wl,--no-relax -ffunction-sections -fdata-sections -MMD -MP -MF"src/main.d" -MT"src/main.o" -o "src/main.o" "../src/main.c"
'Finished building: ../src/main.c'
' '
'Building target: Game.elf'
'Invoking: MicroBlaze gcc linker'
mb-gcc -Wl,-T -Wl,../src/lscript.ld -L../../Game_bsp/microblaze_0/lib -mlittle-endian -mcpu=v11.0 -mxl-soft-mul -Wl,--no-relax -Wl,--gc-sections -o "Game.elf"  ./src/drivers/vga.o  ./src/main.o   -Wl,--start-group,-lxil,-lgcc,-lc,--end-group
'Finished building target: Game.elf'
' '
'Invoking: MicroBlaze Print Size'
mb-size Game.elf  |tee "Game.elf.size"
   text	   data	    bss	    dec	    hex	filename
  32620	    272	   3108	  36000	   8ca0	Game.elf
'Finished building: Game.elf.size'
' '
21:33:31 **** Auto Build of configuration Debug for project Game ****
make all 
'Building file: ../src/main.c'
'Invoking: MicroBlaze gcc compiler'
mb-gcc -Wall -O0 -g3 -c -fmessage-length=0 -MT"src/main.o" -I../../Game_bsp/microblaze_0/include -mlittle-endian -mcpu=v11.0 -mxl-soft-mul -Wl,--no-relax -ffunction-sections -fdata-sections -MMD -MP -MF"src/main.d" -MT"src/main.o" -o "src/main.o" "../src/main.c"
'Finished building: ../src/main.c'
' '
'Building target: Game.elf'
'Invoking: MicroBlaze gcc linker'
mb-gcc -Wl,-T -Wl,../src/lscript.ld -L../../Game_bsp/microblaze_0/lib -mlittle-endian -mcpu=v11.0 -mxl-soft-mul -Wl,--no-relax -Wl,--gc-sections -o "Game.elf"  ./src/drivers/vga.o  ./src/main.o   -Wl,--start-group,-lxil,-lgcc,-lc,--end-group
'Finished building target: Game.elf'
' '
'Invoking: MicroBlaze Print Size'
mb-size Game.elf  |tee "Game.elf.size"
   text	   data	    bss	    dec	    hex	filename
  32644	    272	   3108	  36024	   8cb8	Game.elf
'Finished building: Game.elf.size'
' '
21:33:38 **** Incremental Build of configuration Debug for project Game ****
make all 
make: Nothing to be done for 'all'.
21:34:11 **** Auto Build of configuration Debug for project Game ****
make all 
'Building file: ../src/main.c'
'Invoking: MicroBlaze gcc compiler'
mb-gcc -Wall -O0 -g3 -c -fmessage-length=0 -MT"src/main.o" -I../../Game_bsp/microblaze_0/include -mlittle-endian -mcpu=v11.0 -mxl-soft-mul -Wl,--no-relax -ffunction-sections -fdata-sections -MMD -MP -MF"src/main.d" -MT"src/main.o" -o "src/main.o" "../src/main.c"
'Finished building: ../src/main.c'
' '
'Building target: Game.elf'
'Invoking: MicroBlaze gcc linker'
mb-gcc -Wl,-T -Wl,../src/lscript.ld -L../../Game_bsp/microblaze_0/lib -mlittle-endian -mcpu=v11.0 -mxl-soft-mul -Wl,--no-relax -Wl,--gc-sections -o "Game.elf"  ./src/drivers/vga.o  ./src/main.o   -Wl,--start-group,-lxil,-lgcc,-lc,--end-group
'Finished building target: Game.elf'
' '
'Invoking: MicroBlaze Print Size'
mb-size Game.elf  |tee "Game.elf.size"
   text	   data	    bss	    dec	    hex	filename
  32644	    272	   3108	  36024	   8cb8	Game.elf
'Finished building: Game.elf.size'
' '
21:34:13 **** Incremental Build of configuration Debug for project Game ****
make all 
make: Nothing to be done for 'all'.
21:34:59 **** Auto Build of configuration Debug for project Game ****
make all 
'Building file: ../src/main.c'
'Invoking: MicroBlaze gcc compiler'
mb-gcc -Wall -O0 -g3 -c -fmessage-length=0 -MT"src/main.o" -I../../Game_bsp/microblaze_0/include -mlittle-endian -mcpu=v11.0 -mxl-soft-mul -Wl,--no-relax -ffunction-sections -fdata-sections -MMD -MP -MF"src/main.d" -MT"src/main.o" -o "src/main.o" "../src/main.c"
'Finished building: ../src/main.c'
' '
'Building target: Game.elf'
'Invoking: MicroBlaze gcc linker'
mb-gcc -Wl,-T -Wl,../src/lscript.ld -L../../Game_bsp/microblaze_0/lib -mlittle-endian -mcpu=v11.0 -mxl-soft-mul -Wl,--no-relax -Wl,--gc-sections -o "Game.elf"  ./src/drivers/vga.o  ./src/main.o   -Wl,--start-group,-lxil,-lgcc,-lc,--end-group
'Finished building target: Game.elf'
' '
'Invoking: MicroBlaze Print Size'
mb-size Game.elf  |tee "Game.elf.size"
   text	   data	    bss	    dec	    hex	filename
  32644	    272	   3108	  36024	   8cb8	Game.elf
'Finished building: Game.elf.size'
' '
21:35:02 **** Incremental Build of configuration Debug for project Game ****
make all 
make: Nothing to be done for 'all'.
21:35:21 **** Auto Build of configuration Debug for project Game ****
make all 
'Building file: ../src/main.c'
'Invoking: MicroBlaze gcc compiler'
mb-gcc -Wall -O0 -g3 -c -fmessage-length=0 -MT"src/main.o" -I../../Game_bsp/microblaze_0/include -mlittle-endian -mcpu=v11.0 -mxl-soft-mul -Wl,--no-relax -ffunction-sections -fdata-sections -MMD -MP -MF"src/main.d" -MT"src/main.o" -o "src/main.o" "../src/main.c"
'Finished building: ../src/main.c'
' '
'Building target: Game.elf'
'Invoking: MicroBlaze gcc linker'
mb-gcc -Wl,-T -Wl,../src/lscript.ld -L../../Game_bsp/microblaze_0/lib -mlittle-endian -mcpu=v11.0 -mxl-soft-mul -Wl,--no-relax -Wl,--gc-sections -o "Game.elf"  ./src/drivers/vga.o  ./src/main.o   -Wl,--start-group,-lxil,-lgcc,-lc,--end-group
'Finished building target: Game.elf'
' '
'Invoking: MicroBlaze Print Size'
mb-size Game.elf  |tee "Game.elf.size"
   text	   data	    bss	    dec	    hex	filename
  32644	    272	   3108	  36024	   8cb8	Game.elf
'Finished building: Game.elf.size'
' '
21:35:26 **** Incremental Build of configuration Debug for project Game ****
make all 
make: Nothing to be done for 'all'.
21:35:38 **** Auto Build of configuration Debug for project Game ****
make all 
'Building file: ../src/main.c'
'Invoking: MicroBlaze gcc compiler'
mb-gcc -Wall -O0 -g3 -c -fmessage-length=0 -MT"src/main.o" -I../../Game_bsp/microblaze_0/include -mlittle-endian -mcpu=v11.0 -mxl-soft-mul -Wl,--no-relax -ffunction-sections -fdata-sections -MMD -MP -MF"src/main.d" -MT"src/main.o" -o "src/main.o" "../src/main.c"
'Finished building: ../src/main.c'
' '
'Building target: Game.elf'
'Invoking: MicroBlaze gcc linker'
mb-gcc -Wl,-T -Wl,../src/lscript.ld -L../../Game_bsp/microblaze_0/lib -mlittle-endian -mcpu=v11.0 -mxl-soft-mul -Wl,--no-relax -Wl,--gc-sections -o "Game.elf"  ./src/drivers/vga.o  ./src/main.o   -Wl,--start-group,-lxil,-lgcc,-lc,--end-group
'Finished building target: Game.elf'
' '
'Invoking: MicroBlaze Print Size'
mb-size Game.elf  |tee "Game.elf.size"
   text	   data	    bss	    dec	    hex	filename
  32644	    272	   3108	  36024	   8cb8	Game.elf
'Finished building: Game.elf.size'
' '
21:35:43 **** Incremental Build of configuration Debug for project Game ****
make all 
make: Nothing to be done for 'all'.
21:36:08 **** Auto Build of configuration Debug for project Game ****
make all 
'Building file: ../src/main.c'
'Invoking: MicroBlaze gcc compiler'
mb-gcc -Wall -O0 -g3 -c -fmessage-length=0 -MT"src/main.o" -I../../Game_bsp/microblaze_0/include -mlittle-endian -mcpu=v11.0 -mxl-soft-mul -Wl,--no-relax -ffunction-sections -fdata-sections -MMD -MP -MF"src/main.d" -MT"src/main.o" -o "src/main.o" "../src/main.c"
'Finished building: ../src/main.c'
' '
'Building target: Game.elf'
'Invoking: MicroBlaze gcc linker'
mb-gcc -Wl,-T -Wl,../src/lscript.ld -L../../Game_bsp/microblaze_0/lib -mlittle-endian -mcpu=v11.0 -mxl-soft-mul -Wl,--no-relax -Wl,--gc-sections -o "Game.elf"  ./src/drivers/vga.o  ./src/main.o   -Wl,--start-group,-lxil,-lgcc,-lc,--end-group
'Finished building target: Game.elf'
' '
'Invoking: MicroBlaze Print Size'
mb-size Game.elf  |tee "Game.elf.size"
   text	   data	    bss	    dec	    hex	filename
  32644	    272	   3108	  36024	   8cb8	Game.elf
'Finished building: Game.elf.size'
' '
21:36:21 **** Incremental Build of configuration Debug for project Game ****
make all 
make: Nothing to be done for 'all'.
21:38:41 **** Incremental Build of configuration Debug for project Game ****
make all 
make: Nothing to be done for 'all'.
21:41:40 **** Incremental Build of configuration Debug for project Game ****
make all 
make: Nothing to be done for 'all'.
15:20:13 **** Auto Build of configuration Debug for project Game ****
make all 
'Building file: ../src/drivers/vga.c'
'Invoking: MicroBlaze gcc compiler'
mb-gcc -Wall -O0 -g3 -c -fmessage-length=0 -MT"src/drivers/vga.o" -I../../Game_bsp/microblaze_0/include -mlittle-endian -mcpu=v11.0 -mxl-soft-mul -Wl,--no-relax -ffunction-sections -fdata-sections -MMD -MP -MF"src/drivers/vga.d" -MT"src/drivers/vga.o" -o "src/drivers/vga.o" "../src/drivers/vga.c"
In file included from ../src/drivers/vga.c:1:0:
../src/drivers/vga.c: In function 'vga_draw':
../src/drivers/vga.h:6:18: warning: initialization makes pointer from integer without a cast [-Wint-conversion]
 #define VGA_ADDR (0x44a00000)
                  ^
../src/drivers/vga.c:14:22: note: in expansion of macro 'VGA_ADDR'
  unsigned int *vga = VGA_ADDR;
                      ^~~~~~~~
'Finished building: ../src/drivers/vga.c'
' '
'Building target: Game.elf'
'Invoking: MicroBlaze gcc linker'
mb-gcc -Wl,-T -Wl,../src/lscript.ld -L../../Game_bsp/microblaze_0/lib -mlittle-endian -mcpu=v11.0 -mxl-soft-mul -Wl,--no-relax -Wl,--gc-sections -o "Game.elf"  ./src/drivers/vga.o  ./src/main.o   -Wl,--start-group,-lxil,-lgcc,-lc,--end-group
'Finished building target: Game.elf'
' '
'Invoking: MicroBlaze Print Size'
mb-size Game.elf  |tee "Game.elf.size"
   text	   data	    bss	    dec	    hex	filename
  32644	    272	   3108	  36024	   8cb8	Game.elf
'Finished building: Game.elf.size'
' '
15:30:09 **** Auto Build of configuration Debug for project Game ****
make all 
'Building file: ../src/main.c'
'Invoking: MicroBlaze gcc compiler'
mb-gcc -Wall -O0 -g3 -c -fmessage-length=0 -MT"src/main.o" -I../../Game_bsp/microblaze_0/include -mlittle-endian -mcpu=v11.0 -mxl-soft-mul -Wl,--no-relax -ffunction-sections -fdata-sections -MMD -MP -MF"src/main.d" -MT"src/main.o" -o "src/main.o" "../src/main.c"
../src/main.c: In function 'main':
../src/main.c:14:3: warning: implicit declaration of function 'circleBresenham' [-Wimplicit-function-declaration]
   circleBresenham(15,15,5);
   ^~~~~~~~~~~~~~~
'Finished building: ../src/main.c'
' '
'Building target: Game.elf'
'Invoking: MicroBlaze gcc linker'
mb-gcc -Wl,-T -Wl,../src/lscript.ld -L../../Game_bsp/microblaze_0/lib -mlittle-endian -mcpu=v11.0 -mxl-soft-mul -Wl,--no-relax -Wl,--gc-sections -o "Game.elf"  ./src/drivers/vga.o  ./src/main.o   -Wl,--start-group,-lxil,-lgcc,-lc,--end-group
./src/main.o: In function `main':
C:\Users\Waysker\Desktop\Studia\HardestGameEver\Projekt\Basys3_Game\vivado\microblaze_VGA\microblaze_VGA.sdk\Game\Debug/../src/main.c:14: undefined reference to `circleBresenham'
collect2.exe: error: ld returned 1 exit status
make: *** [makefile:39: Game.elf] Error 1
15:30:46 **** Auto Build of configuration Debug for project Game ****
make all 
'Building file: ../src/drivers/vga.c'
'Invoking: MicroBlaze gcc compiler'
mb-gcc -Wall -O0 -g3 -c -fmessage-length=0 -MT"src/drivers/vga.o" -I../../Game_bsp/microblaze_0/include -mlittle-endian -mcpu=v11.0 -mxl-soft-mul -Wl,--no-relax -ffunction-sections -fdata-sections -MMD -MP -MF"src/drivers/vga.d" -MT"src/drivers/vga.o" -o "src/drivers/vga.o" "../src/drivers/vga.c"
In file included from ../src/drivers/vga.c:1:0:
../src/drivers/vga.c: In function 'vga_draw':
../src/drivers/vga.h:6:18: warning: initialization makes pointer from integer without a cast [-Wint-conversion]
 #define VGA_ADDR (0x44a00000)
                  ^
../src/drivers/vga.c:14:22: note: in expansion of macro 'VGA_ADDR'
  unsigned int *vga = VGA_ADDR;
                      ^~~~~~~~
'Finished building: ../src/drivers/vga.c'
' '
'Building file: ../src/main.c'
'Invoking: MicroBlaze gcc compiler'
mb-gcc -Wall -O0 -g3 -c -fmessage-length=0 -MT"src/main.o" -I../../Game_bsp/microblaze_0/include -mlittle-endian -mcpu=v11.0 -mxl-soft-mul -Wl,--no-relax -ffunction-sections -fdata-sections -MMD -MP -MF"src/main.d" -MT"src/main.o" -o "src/main.o" "../src/main.c"
'Finished building: ../src/main.c'
' '
'Building target: Game.elf'
'Invoking: MicroBlaze gcc linker'
mb-gcc -Wl,-T -Wl,../src/lscript.ld -L../../Game_bsp/microblaze_0/lib -mlittle-endian -mcpu=v11.0 -mxl-soft-mul -Wl,--no-relax -Wl,--gc-sections -o "Game.elf"  ./src/drivers/vga.o  ./src/main.o   -Wl,--start-group,-lxil,-lgcc,-lc,--end-group
./src/main.o: In function `main':
C:\Users\Waysker\Desktop\Studia\HardestGameEver\Projekt\Basys3_Game\vivado\microblaze_VGA\microblaze_VGA.sdk\Game\Debug/../src/main.c:14: undefined reference to `circleBresenham'
collect2.exe: error: ld returned 1 exit status
make: *** [makefile:39: Game.elf] Error 1
15:30:48 **** Auto Build of configuration Debug for project Game ****
make all 
'Building file: ../src/drivers/vga.c'
'Invoking: MicroBlaze gcc compiler'
mb-gcc -Wall -O0 -g3 -c -fmessage-length=0 -MT"src/drivers/vga.o" -I../../Game_bsp/microblaze_0/include -mlittle-endian -mcpu=v11.0 -mxl-soft-mul -Wl,--no-relax -ffunction-sections -fdata-sections -MMD -MP -MF"src/drivers/vga.d" -MT"src/drivers/vga.o" -o "src/drivers/vga.o" "../src/drivers/vga.c"
In file included from ../src/drivers/vga.c:1:0:
../src/drivers/vga.c: In function 'vga_draw':
../src/drivers/vga.h:6:18: warning: initialization makes pointer from integer without a cast [-Wint-conversion]
 #define VGA_ADDR (0x44a00000)
                  ^
../src/drivers/vga.c:14:22: note: in expansion of macro 'VGA_ADDR'
  unsigned int *vga = VGA_ADDR;
                      ^~~~~~~~
'Finished building: ../src/drivers/vga.c'
' '
'Building target: Game.elf'
'Invoking: MicroBlaze gcc linker'
mb-gcc -Wl,-T -Wl,../src/lscript.ld -L../../Game_bsp/microblaze_0/lib -mlittle-endian -mcpu=v11.0 -mxl-soft-mul -Wl,--no-relax -Wl,--gc-sections -o "Game.elf"  ./src/drivers/vga.o  ./src/main.o   -Wl,--start-group,-lxil,-lgcc,-lc,--end-group
'Finished building target: Game.elf'
' '
'Invoking: MicroBlaze Print Size'
mb-size Game.elf  |tee "Game.elf.size"
   text	   data	    bss	    dec	    hex	filename
   3408	    268	   3108	   6784	   1a80	Game.elf
'Finished building: Game.elf.size'
' '
15:30:54 **** Incremental Build of configuration Debug for project Game ****
make all 
make: Nothing to be done for 'all'.
15:31:21 **** Auto Build of configuration Debug for project Game ****
make all 
'Building file: ../src/main.c'
'Invoking: MicroBlaze gcc compiler'
mb-gcc -Wall -O0 -g3 -c -fmessage-length=0 -MT"src/main.o" -I../../Game_bsp/microblaze_0/include -mlittle-endian -mcpu=v11.0 -mxl-soft-mul -Wl,--no-relax -ffunction-sections -fdata-sections -MMD -MP -MF"src/main.d" -MT"src/main.o" -o "src/main.o" "../src/main.c"
'Finished building: ../src/main.c'
' '
'Building target: Game.elf'
'Invoking: MicroBlaze gcc linker'
mb-gcc -Wl,-T -Wl,../src/lscript.ld -L../../Game_bsp/microblaze_0/lib -mlittle-endian -mcpu=v11.0 -mxl-soft-mul -Wl,--no-relax -Wl,--gc-sections -o "Game.elf"  ./src/drivers/vga.o  ./src/main.o   -Wl,--start-group,-lxil,-lgcc,-lc,--end-group
'Finished building target: Game.elf'
' '
'Invoking: MicroBlaze Print Size'
mb-size Game.elf  |tee "Game.elf.size"
   text	   data	    bss	    dec	    hex	filename
   3408	    268	   3108	   6784	   1a80	Game.elf
'Finished building: Game.elf.size'
' '
15:31:23 **** Incremental Build of configuration Debug for project Game ****
make all 
make: Nothing to be done for 'all'.
15:31:35 **** Incremental Build of configuration Debug for project Game ****
make all 
make: Nothing to be done for 'all'.
15:32:24 **** Auto Build of configuration Debug for project Game ****
make all 
'Building file: ../src/drivers/vga.c'
'Invoking: MicroBlaze gcc compiler'
mb-gcc -Wall -O0 -g3 -c -fmessage-length=0 -MT"src/drivers/vga.o" -I../../Game_bsp/microblaze_0/include -mlittle-endian -mcpu=v11.0 -mxl-soft-mul -Wl,--no-relax -ffunction-sections -fdata-sections -MMD -MP -MF"src/drivers/vga.d" -MT"src/drivers/vga.o" -o "src/drivers/vga.o" "../src/drivers/vga.c"
In file included from ../src/drivers/vga.c:1:0:
../src/drivers/vga.c: In function 'vga_draw':
../src/drivers/vga.h:6:18: warning: initialization makes pointer from integer without a cast [-Wint-conversion]
 #define VGA_ADDR (0x44a00000)
                  ^
../src/drivers/vga.c:14:22: note: in expansion of macro 'VGA_ADDR'
  unsigned int *vga = VGA_ADDR;
                      ^~~~~~~~
'Finished building: ../src/drivers/vga.c'
' '
'Building target: Game.elf'
'Invoking: MicroBlaze gcc linker'
mb-gcc -Wl,-T -Wl,../src/lscript.ld -L../../Game_bsp/microblaze_0/lib -mlittle-endian -mcpu=v11.0 -mxl-soft-mul -Wl,--no-relax -Wl,--gc-sections -o "Game.elf"  ./src/drivers/vga.o  ./src/main.o   -Wl,--start-group,-lxil,-lgcc,-lc,--end-group
'Finished building target: Game.elf'
' '
'Invoking: MicroBlaze Print Size'
mb-size Game.elf  |tee "Game.elf.size"
   text	   data	    bss	    dec	    hex	filename
   3448	    268	   3108	   6824	   1aa8	Game.elf
'Finished building: Game.elf.size'
' '
15:32:27 **** Incremental Build of configuration Debug for project Game ****
make all 
make: Nothing to be done for 'all'.
15:32:56 **** Auto Build of configuration Debug for project Game ****
make all 
'Building file: ../src/drivers/vga.c'
'Invoking: MicroBlaze gcc compiler'
mb-gcc -Wall -O0 -g3 -c -fmessage-length=0 -MT"src/drivers/vga.o" -I../../Game_bsp/microblaze_0/include -mlittle-endian -mcpu=v11.0 -mxl-soft-mul -Wl,--no-relax -ffunction-sections -fdata-sections -MMD -MP -MF"src/drivers/vga.d" -MT"src/drivers/vga.o" -o "src/drivers/vga.o" "../src/drivers/vga.c"
In file included from ../src/drivers/vga.c:1:0:
../src/drivers/vga.c: In function 'vga_draw':
../src/drivers/vga.h:6:18: warning: initialization makes pointer from integer without a cast [-Wint-conversion]
 #define VGA_ADDR (0x44a00000)
                  ^
../src/drivers/vga.c:14:22: note: in expansion of macro 'VGA_ADDR'
  unsigned int *vga = VGA_ADDR;
                      ^~~~~~~~
'Finished building: ../src/drivers/vga.c'
' '
'Building target: Game.elf'
'Invoking: MicroBlaze gcc linker'
mb-gcc -Wl,-T -Wl,../src/lscript.ld -L../../Game_bsp/microblaze_0/lib -mlittle-endian -mcpu=v11.0 -mxl-soft-mul -Wl,--no-relax -Wl,--gc-sections -o "Game.elf"  ./src/drivers/vga.o  ./src/main.o   -Wl,--start-group,-lxil,-lgcc,-lc,--end-group
'Finished building target: Game.elf'
' '
'Invoking: MicroBlaze Print Size'
mb-size Game.elf  |tee "Game.elf.size"
   text	   data	    bss	    dec	    hex	filename
   3476	    268	   3112	   6856	   1ac8	Game.elf
'Finished building: Game.elf.size'
' '
15:32:59 **** Incremental Build of configuration Debug for project Game ****
make all 
make: Nothing to be done for 'all'.
15:33:22 **** Auto Build of configuration Debug for project Game ****
make all 
'Building file: ../src/drivers/vga.c'
'Invoking: MicroBlaze gcc compiler'
mb-gcc -Wall -O0 -g3 -c -fmessage-length=0 -MT"src/drivers/vga.o" -I../../Game_bsp/microblaze_0/include -mlittle-endian -mcpu=v11.0 -mxl-soft-mul -Wl,--no-relax -ffunction-sections -fdata-sections -MMD -MP -MF"src/drivers/vga.d" -MT"src/drivers/vga.o" -o "src/drivers/vga.o" "../src/drivers/vga.c"
In file included from ../src/drivers/vga.c:1:0:
../src/drivers/vga.c: In function 'vga_draw':
../src/drivers/vga.h:6:18: warning: initialization makes pointer from integer without a cast [-Wint-conversion]
 #define VGA_ADDR (0x44a00000)
                  ^
../src/drivers/vga.c:14:22: note: in expansion of macro 'VGA_ADDR'
  unsigned int *vga = VGA_ADDR;
                      ^~~~~~~~
'Finished building: ../src/drivers/vga.c'
' '
'Building target: Game.elf'
'Invoking: MicroBlaze gcc linker'
mb-gcc -Wl,-T -Wl,../src/lscript.ld -L../../Game_bsp/microblaze_0/lib -mlittle-endian -mcpu=v11.0 -mxl-soft-mul -Wl,--no-relax -Wl,--gc-sections -o "Game.elf"  ./src/drivers/vga.o  ./src/main.o   -Wl,--start-group,-lxil,-lgcc,-lc,--end-group
'Finished building target: Game.elf'
' '
'Invoking: MicroBlaze Print Size'
mb-size Game.elf  |tee "Game.elf.size"
   text	   data	    bss	    dec	    hex	filename
   3424	    268	   3108	   6800	   1a90	Game.elf
'Finished building: Game.elf.size'
' '
15:33:25 **** Incremental Build of configuration Debug for project Game ****
make all 
make: Nothing to be done for 'all'.
15:33:40 **** Auto Build of configuration Debug for project Game ****
make all 
'Building file: ../src/main.c'
'Invoking: MicroBlaze gcc compiler'
mb-gcc -Wall -O0 -g3 -c -fmessage-length=0 -MT"src/main.o" -I../../Game_bsp/microblaze_0/include -mlittle-endian -mcpu=v11.0 -mxl-soft-mul -Wl,--no-relax -ffunction-sections -fdata-sections -MMD -MP -MF"src/main.d" -MT"src/main.o" -o "src/main.o" "../src/main.c"
'Finished building: ../src/main.c'
' '
'Building target: Game.elf'
'Invoking: MicroBlaze gcc linker'
mb-gcc -Wl,-T -Wl,../src/lscript.ld -L../../Game_bsp/microblaze_0/lib -mlittle-endian -mcpu=v11.0 -mxl-soft-mul -Wl,--no-relax -Wl,--gc-sections -o "Game.elf"  ./src/drivers/vga.o  ./src/main.o   -Wl,--start-group,-lxil,-lgcc,-lc,--end-group
'Finished building target: Game.elf'
' '
'Invoking: MicroBlaze Print Size'
mb-size Game.elf  |tee "Game.elf.size"
   text	   data	    bss	    dec	    hex	filename
   3424	    268	   3108	   6800	   1a90	Game.elf
'Finished building: Game.elf.size'
' '
15:33:42 **** Incremental Build of configuration Debug for project Game ****
make all 
make: Nothing to be done for 'all'.
15:34:51 **** Auto Build of configuration Debug for project Game ****
make all 
'Building file: ../src/main.c'
'Invoking: MicroBlaze gcc compiler'
mb-gcc -Wall -O0 -g3 -c -fmessage-length=0 -MT"src/main.o" -I../../Game_bsp/microblaze_0/include -mlittle-endian -mcpu=v11.0 -mxl-soft-mul -Wl,--no-relax -ffunction-sections -fdata-sections -MMD -MP -MF"src/main.d" -MT"src/main.o" -o "src/main.o" "../src/main.c"
'Finished building: ../src/main.c'
' '
'Building target: Game.elf'
'Invoking: MicroBlaze gcc linker'
mb-gcc -Wl,-T -Wl,../src/lscript.ld -L../../Game_bsp/microblaze_0/lib -mlittle-endian -mcpu=v11.0 -mxl-soft-mul -Wl,--no-relax -Wl,--gc-sections -o "Game.elf"  ./src/drivers/vga.o  ./src/main.o   -Wl,--start-group,-lxil,-lgcc,-lc,--end-group
'Finished building target: Game.elf'
' '
'Invoking: MicroBlaze Print Size'
mb-size Game.elf  |tee "Game.elf.size"
   text	   data	    bss	    dec	    hex	filename
   3392	    268	   3108	   6768	   1a70	Game.elf
'Finished building: Game.elf.size'
' '
15:34:53 **** Incremental Build of configuration Debug for project Game ****
make all 
make: Nothing to be done for 'all'.
15:35:55 **** Auto Build of configuration Debug for project Game ****
make all 
'Building file: ../src/main.c'
'Invoking: MicroBlaze gcc compiler'
mb-gcc -Wall -O0 -g3 -c -fmessage-length=0 -MT"src/main.o" -I../../Game_bsp/microblaze_0/include -mlittle-endian -mcpu=v11.0 -mxl-soft-mul -Wl,--no-relax -ffunction-sections -fdata-sections -MMD -MP -MF"src/main.d" -MT"src/main.o" -o "src/main.o" "../src/main.c"
'Finished building: ../src/main.c'
' '
'Building target: Game.elf'
'Invoking: MicroBlaze gcc linker'
mb-gcc -Wl,-T -Wl,../src/lscript.ld -L../../Game_bsp/microblaze_0/lib -mlittle-endian -mcpu=v11.0 -mxl-soft-mul -Wl,--no-relax -Wl,--gc-sections -o "Game.elf"  ./src/drivers/vga.o  ./src/main.o   -Wl,--start-group,-lxil,-lgcc,-lc,--end-group
'Finished building target: Game.elf'
' '
'Invoking: MicroBlaze Print Size'
mb-size Game.elf  |tee "Game.elf.size"
   text	   data	    bss	    dec	    hex	filename
   3652	    268	   3112	   7032	   1b78	Game.elf
'Finished building: Game.elf.size'
' '
15:35:58 **** Incremental Build of configuration Debug for project Game ****
make all 
make: Nothing to be done for 'all'.
15:39:27 **** Auto Build of configuration Debug for project Game ****
make all 
'Building file: ../src/main.c'
'Invoking: MicroBlaze gcc compiler'
mb-gcc -Wall -O0 -g3 -c -fmessage-length=0 -MT"src/main.o" -I../../Game_bsp/microblaze_0/include -mlittle-endian -mcpu=v11.0 -mxl-soft-mul -Wl,--no-relax -ffunction-sections -fdata-sections -MMD -MP -MF"src/main.d" -MT"src/main.o" -o "src/main.o" "../src/main.c"
'Finished building: ../src/main.c'
' '
'Building target: Game.elf'
'Invoking: MicroBlaze gcc linker'
mb-gcc -Wl,-T -Wl,../src/lscript.ld -L../../Game_bsp/microblaze_0/lib -mlittle-endian -mcpu=v11.0 -mxl-soft-mul -Wl,--no-relax -Wl,--gc-sections -o "Game.elf"  ./src/drivers/vga.o  ./src/main.o   -Wl,--start-group,-lxil,-lgcc,-lc,--end-group
'Finished building target: Game.elf'
' '
'Invoking: MicroBlaze Print Size'
mb-size Game.elf  |tee "Game.elf.size"
   text	   data	    bss	    dec	    hex	filename
   3484	    268	   3112	   6864	   1ad0	Game.elf
'Finished building: Game.elf.size'
' '
15:39:37 **** Incremental Build of configuration Debug for project Game ****
make all 
make: Nothing to be done for 'all'.
15:40:54 **** Auto Build of configuration Debug for project Game ****
make all 
'Building file: ../src/drivers/vga.c'
'Invoking: MicroBlaze gcc compiler'
mb-gcc -Wall -O0 -g3 -c -fmessage-length=0 -MT"src/drivers/vga.o" -I../../Game_bsp/microblaze_0/include -mlittle-endian -mcpu=v11.0 -mxl-soft-mul -Wl,--no-relax -ffunction-sections -fdata-sections -MMD -MP -MF"src/drivers/vga.d" -MT"src/drivers/vga.o" -o "src/drivers/vga.o" "../src/drivers/vga.c"
In file included from ../src/drivers/vga.c:1:0:
../src/drivers/vga.c: In function 'vga_draw':
../src/drivers/vga.h:6:18: warning: initialization makes pointer from integer without a cast [-Wint-conversion]
 #define VGA_ADDR (0x44a00000)
                  ^
../src/drivers/vga.c:14:22: note: in expansion of macro 'VGA_ADDR'
  unsigned int *vga = VGA_ADDR;
                      ^~~~~~~~
'Finished building: ../src/drivers/vga.c'
' '
'Building target: Game.elf'
'Invoking: MicroBlaze gcc linker'
mb-gcc -Wl,-T -Wl,../src/lscript.ld -L../../Game_bsp/microblaze_0/lib -mlittle-endian -mcpu=v11.0 -mxl-soft-mul -Wl,--no-relax -Wl,--gc-sections -o "Game.elf"  ./src/drivers/vga.o  ./src/main.o   -Wl,--start-group,-lxil,-lgcc,-lc,--end-group
'Finished building target: Game.elf'
' '
'Invoking: MicroBlaze Print Size'
mb-size Game.elf  |tee "Game.elf.size"
   text	   data	    bss	    dec	    hex	filename
   3484	    268	   3112	   6864	   1ad0	Game.elf
'Finished building: Game.elf.size'
' '
15:40:56 **** Auto Build of configuration Debug for project Game ****
make all 
'Building file: ../src/drivers/vga.c'
'Invoking: MicroBlaze gcc compiler'
mb-gcc -Wall -O0 -g3 -c -fmessage-length=0 -MT"src/drivers/vga.o" -I../../Game_bsp/microblaze_0/include -mlittle-endian -mcpu=v11.0 -mxl-soft-mul -Wl,--no-relax -ffunction-sections -fdata-sections -MMD -MP -MF"src/drivers/vga.d" -MT"src/drivers/vga.o" -o "src/drivers/vga.o" "../src/drivers/vga.c"
In file included from ../src/drivers/vga.c:1:0:
../src/drivers/vga.c: In function 'vga_draw':
../src/drivers/vga.h:6:18: warning: initialization makes pointer from integer without a cast [-Wint-conversion]
 #define VGA_ADDR (0x44a00000)
                  ^
../src/drivers/vga.c:14:22: note: in expansion of macro 'VGA_ADDR'
  unsigned int *vga = VGA_ADDR;
                      ^~~~~~~~
'Finished building: ../src/drivers/vga.c'
' '
'Building file: ../src/main.c'
'Invoking: MicroBlaze gcc compiler'
mb-gcc -Wall -O0 -g3 -c -fmessage-length=0 -MT"src/main.o" -I../../Game_bsp/microblaze_0/include -mlittle-endian -mcpu=v11.0 -mxl-soft-mul -Wl,--no-relax -ffunction-sections -fdata-sections -MMD -MP -MF"src/main.d" -MT"src/main.o" -o "src/main.o" "../src/main.c"
'Finished building: ../src/main.c'
' '
'Building target: Game.elf'
'Invoking: MicroBlaze gcc linker'
mb-gcc -Wl,-T -Wl,../src/lscript.ld -L../../Game_bsp/microblaze_0/lib -mlittle-endian -mcpu=v11.0 -mxl-soft-mul -Wl,--no-relax -Wl,--gc-sections -o "Game.elf"  ./src/drivers/vga.o  ./src/main.o   -Wl,--start-group,-lxil,-lgcc,-lc,--end-group
'Finished building target: Game.elf'
' '
'Invoking: MicroBlaze Print Size'
mb-size Game.elf  |tee "Game.elf.size"
   text	   data	    bss	    dec	    hex	filename
   3484	    268	   3112	   6864	   1ad0	Game.elf
'Finished building: Game.elf.size'
' '
15:42:49 **** Auto Build of configuration Debug for project Game ****
make all 
make: Nothing to be done for 'all'.
15:42:54 **** Clean-only build of configuration Debug for project Game ****
make clean 
rm -rf  ./src/drivers/vga.o  ./src/main.o  ./src/drivers/vga.d  ./src/main.d  Game.elf.size  Game.elf
' '
15:42:54 **** Auto Build of configuration Debug for project Game ****
make all 
'Building file: ../src/drivers/vga.c'
'Invoking: MicroBlaze gcc compiler'
mb-gcc -Wall -O0 -g3 -c -fmessage-length=0 -MT"src/drivers/vga.o" -I../../Game_bsp/microblaze_0/include -mlittle-endian -mcpu=v11.0 -mxl-soft-mul -Wl,--no-relax -ffunction-sections -fdata-sections -MMD -MP -MF"src/drivers/vga.d" -MT"src/drivers/vga.o" -o "src/drivers/vga.o" "../src/drivers/vga.c"
In file included from ../src/drivers/vga.c:1:0:
../src/drivers/vga.c: In function 'vga_draw':
../src/drivers/vga.h:6:18: warning: initialization makes pointer from integer without a cast [-Wint-conversion]
 #define VGA_ADDR (0x44a00000)
                  ^
../src/drivers/vga.c:14:22: note: in expansion of macro 'VGA_ADDR'
  unsigned int *vga = VGA_ADDR;
                      ^~~~~~~~
'Finished building: ../src/drivers/vga.c'
' '
'Building file: ../src/main.c'
'Invoking: MicroBlaze gcc compiler'
mb-gcc -Wall -O0 -g3 -c -fmessage-length=0 -MT"src/main.o" -I../../Game_bsp/microblaze_0/include -mlittle-endian -mcpu=v11.0 -mxl-soft-mul -Wl,--no-relax -ffunction-sections -fdata-sections -MMD -MP -MF"src/main.d" -MT"src/main.o" -o "src/main.o" "../src/main.c"
'Finished building: ../src/main.c'
' '
'Building target: Game.elf'
'Invoking: MicroBlaze gcc linker'
mb-gcc -Wl,-T -Wl,../src/lscript.ld -L../../Game_bsp/microblaze_0/lib -mlittle-endian -mcpu=v11.0 -mxl-soft-mul -Wl,--no-relax -Wl,--gc-sections -o "Game.elf"  ./src/drivers/vga.o  ./src/main.o   -Wl,--start-group,-lxil,-lgcc,-lc,--end-group
'Finished building target: Game.elf'
' '
'Invoking: MicroBlaze Print Size'
mb-size Game.elf  |tee "Game.elf.size"
   text	   data	    bss	    dec	    hex	filename
   3484	    268	   3112	   6864	   1ad0	Game.elf
'Finished building: Game.elf.size'
' '
15:43:00 **** Auto Build of configuration Debug for project Game ****
make all 
make: Nothing to be done for 'all'.
15:43:10 **** Clean-only build of configuration Debug for project Game ****
make clean 
rm -rf  ./src/drivers/vga.o  ./src/main.o  ./src/drivers/vga.d  ./src/main.d  Game.elf.size  Game.elf
' '
15:43:10 **** Auto Build of configuration Debug for project Game ****
make all 
'Building file: ../src/objects/ball.c'
'Invoking: MicroBlaze gcc compiler'
mb-gcc -Wall -O0 -g3 -c -fmessage-length=0 -MT"src/objects/ball.o" -I../../Game_bsp/microblaze_0/include -mlittle-endian -mcpu=v11.0 -mxl-soft-mul -Wl,--no-relax -ffunction-sections -fdata-sections -MMD -MP -MF"src/objects/ball.d" -MT"src/objects/ball.o" -o "src/objects/ball.o" "../src/objects/ball.c"
'Finished building: ../src/objects/ball.c'
' '
'Building file: ../src/drivers/vga.c'
'Invoking: MicroBlaze gcc compiler'
mb-gcc -Wall -O0 -g3 -c -fmessage-length=0 -MT"src/drivers/vga.o" -I../../Game_bsp/microblaze_0/include -mlittle-endian -mcpu=v11.0 -mxl-soft-mul -Wl,--no-relax -ffunction-sections -fdata-sections -MMD -MP -MF"src/drivers/vga.d" -MT"src/drivers/vga.o" -o "src/drivers/vga.o" "../src/drivers/vga.c"
In file included from ../src/drivers/vga.c:1:0:
../src/drivers/vga.c: In function 'vga_draw':
../src/drivers/vga.h:6:18: warning: initialization makes pointer from integer without a cast [-Wint-conversion]
 #define VGA_ADDR (0x44a00000)
                  ^
../src/drivers/vga.c:14:22: note: in expansion of macro 'VGA_ADDR'
  unsigned int *vga = VGA_ADDR;
                      ^~~~~~~~
'Finished building: ../src/drivers/vga.c'
' '
'Building file: ../src/main.c'
'Invoking: MicroBlaze gcc compiler'
mb-gcc -Wall -O0 -g3 -c -fmessage-length=0 -MT"src/main.o" -I../../Game_bsp/microblaze_0/include -mlittle-endian -mcpu=v11.0 -mxl-soft-mul -Wl,--no-relax -ffunction-sections -fdata-sections -MMD -MP -MF"src/main.d" -MT"src/main.o" -o "src/main.o" "../src/main.c"
'Finished building: ../src/main.c'
' '
'Building target: Game.elf'
'Invoking: MicroBlaze gcc linker'
mb-gcc -Wl,-T -Wl,../src/lscript.ld -L../../Game_bsp/microblaze_0/lib -mlittle-endian -mcpu=v11.0 -mxl-soft-mul -Wl,--no-relax -Wl,--gc-sections -o "Game.elf"  ./src/objects/ball.o  ./src/drivers/vga.o  ./src/main.o   -Wl,--start-group,-lxil,-lgcc,-lc,--end-group
'Finished building target: Game.elf'
' '
'Invoking: MicroBlaze Print Size'
mb-size Game.elf  |tee "Game.elf.size"
   text	   data	    bss	    dec	    hex	filename
   3484	    268	   3112	   6864	   1ad0	Game.elf
'Finished building: Game.elf.size'
' '
15:43:24 **** Auto Build of configuration Debug for project Game ****
make all 
'Building file: ../src/objects/ball.c'
'Invoking: MicroBlaze gcc compiler'
mb-gcc -Wall -O0 -g3 -c -fmessage-length=0 -MT"src/objects/ball.o" -I../../Game_bsp/microblaze_0/include -mlittle-endian -mcpu=v11.0 -mxl-soft-mul -Wl,--no-relax -ffunction-sections -fdata-sections -MMD -MP -MF"src/objects/ball.d" -MT"src/objects/ball.o" -o "src/objects/ball.o" "../src/objects/ball.c"
'Finished building: ../src/objects/ball.c'
' '
'Building target: Game.elf'
'Invoking: MicroBlaze gcc linker'
mb-gcc -Wl,-T -Wl,../src/lscript.ld -L../../Game_bsp/microblaze_0/lib -mlittle-endian -mcpu=v11.0 -mxl-soft-mul -Wl,--no-relax -Wl,--gc-sections -o "Game.elf"  ./src/objects/ball.o  ./src/drivers/vga.o  ./src/main.o   -Wl,--start-group,-lxil,-lgcc,-lc,--end-group
'Finished building target: Game.elf'
' '
'Invoking: MicroBlaze Print Size'
mb-size Game.elf  |tee "Game.elf.size"
   text	   data	    bss	    dec	    hex	filename
   3484	    268	   3112	   6864	   1ad0	Game.elf
'Finished building: Game.elf.size'
' '
15:45:26 **** Auto Build of configuration Debug for project Game ****
make all 
'Building file: ../src/objects/ball.c'
'Invoking: MicroBlaze gcc compiler'
mb-gcc -Wall -O0 -g3 -c -fmessage-length=0 -MT"src/objects/ball.o" -I../../Game_bsp/microblaze_0/include -mlittle-endian -mcpu=v11.0 -mxl-soft-mul -Wl,--no-relax -ffunction-sections -fdata-sections -MMD -MP -MF"src/objects/ball.d" -MT"src/objects/ball.o" -o "src/objects/ball.o" "../src/objects/ball.c"
../src/objects/ball.c:2:10: fatal error: drivers/vga.h: No such file or directory
 #include "drivers/vga.h"
          ^~~~~~~~~~~~~~~
compilation terminated.
make: *** [src/objects/subdir.mk:20: src/objects/ball.o] Error 1
15:45:45 **** Auto Build of configuration Debug for project Game ****
make all 
'Building file: ../src/objects/ball.c'
'Invoking: MicroBlaze gcc compiler'
mb-gcc -Wall -O0 -g3 -c -fmessage-length=0 -MT"src/objects/ball.o" -I../../Game_bsp/microblaze_0/include -mlittle-endian -mcpu=v11.0 -mxl-soft-mul -Wl,--no-relax -ffunction-sections -fdata-sections -MMD -MP -MF"src/objects/ball.d" -MT"src/objects/ball.o" -o "src/objects/ball.o" "../src/objects/ball.c"
../src/objects/ball.c:2:10: fatal error: src/drivers/vga.h: No such file or directory
 #include "src/drivers/vga.h"
          ^~~~~~~~~~~~~~~~~~~
compilation terminated.
make: *** [src/objects/subdir.mk:20: src/objects/ball.o] Error 1
15:46:53 **** Auto Build of configuration Debug for project Game ****
make all 
'Building file: ../src/objects/ball.c'
'Invoking: MicroBlaze gcc compiler'
mb-gcc -Wall -O0 -g3 -c -fmessage-length=0 -MT"src/objects/ball.o" -I../../Game_bsp/microblaze_0/include -mlittle-endian -mcpu=v11.0 -mxl-soft-mul -Wl,--no-relax -ffunction-sections -fdata-sections -MMD -MP -MF"src/objects/ball.d" -MT"src/objects/ball.o" -o "src/objects/ball.o" "../src/objects/ball.c"
'Finished building: ../src/objects/ball.c'
' '
'Building target: Game.elf'
'Invoking: MicroBlaze gcc linker'
mb-gcc -Wl,-T -Wl,../src/lscript.ld -L../../Game_bsp/microblaze_0/lib -mlittle-endian -mcpu=v11.0 -mxl-soft-mul -Wl,--no-relax -Wl,--gc-sections -o "Game.elf"  ./src/objects/ball.o  ./src/drivers/vga.o  ./src/main.o   -Wl,--start-group,-lxil,-lgcc,-lc,--end-group
'Finished building target: Game.elf'
' '
'Invoking: MicroBlaze Print Size'
mb-size Game.elf  |tee "Game.elf.size"
   text	   data	    bss	    dec	    hex	filename
   3484	    268	   3112	   6864	   1ad0	Game.elf
'Finished building: Game.elf.size'
' '
15:47:25 **** Auto Build of configuration Debug for project Game ****
make all 
make: Nothing to be done for 'all'.
15:48:00 **** Auto Build of configuration Debug for project Game ****
make all 
make: Nothing to be done for 'all'.
15:48:02 **** Auto Build of configuration Debug for project Game ****
make all 
'Building file: ../src/main.c'
'Invoking: MicroBlaze gcc compiler'
mb-gcc -Wall -O0 -g3 -c -fmessage-length=0 -MT"src/main.o" -I../../Game_bsp/microblaze_0/include -mlittle-endian -mcpu=v11.0 -mxl-soft-mul -Wl,--no-relax -ffunction-sections -fdata-sections -MMD -MP -MF"src/main.d" -MT"src/main.o" -o "src/main.o" "../src/main.c"
'Finished building: ../src/main.c'
' '
'Building target: Game.elf'
'Invoking: MicroBlaze gcc linker'
mb-gcc -Wl,-T -Wl,../src/lscript.ld -L../../Game_bsp/microblaze_0/lib -mlittle-endian -mcpu=v11.0 -mxl-soft-mul -Wl,--no-relax -Wl,--gc-sections -o "Game.elf"  ./src/objects/ball.o  ./src/drivers/vga.o  ./src/main.o   -Wl,--start-group,-lxil,-lgcc,-lc,--end-group
'Finished building target: Game.elf'
' '
'Invoking: MicroBlaze Print Size'
mb-size Game.elf  |tee "Game.elf.size"
   text	   data	    bss	    dec	    hex	filename
   2472	    268	   3108	   5848	   16d8	Game.elf
'Finished building: Game.elf.size'
' '
15:48:17 **** Auto Build of configuration Debug for project Game ****
make all 
'Building file: ../src/main.c'
'Invoking: MicroBlaze gcc compiler'
mb-gcc -Wall -O0 -g3 -c -fmessage-length=0 -MT"src/main.o" -I../../Game_bsp/microblaze_0/include -mlittle-endian -mcpu=v11.0 -mxl-soft-mul -Wl,--no-relax -ffunction-sections -fdata-sections -MMD -MP -MF"src/main.d" -MT"src/main.o" -o "src/main.o" "../src/main.c"
'Finished building: ../src/main.c'
' '
'Building target: Game.elf'
'Invoking: MicroBlaze gcc linker'
mb-gcc -Wl,-T -Wl,../src/lscript.ld -L../../Game_bsp/microblaze_0/lib -mlittle-endian -mcpu=v11.0 -mxl-soft-mul -Wl,--no-relax -Wl,--gc-sections -o "Game.elf"  ./src/objects/ball.o  ./src/drivers/vga.o  ./src/main.o   -Wl,--start-group,-lxil,-lgcc,-lc,--end-group
./src/main.o: In function `main':
C:\Users\Waysker\Desktop\Studia\HardestGameEver\Projekt\Basys3_Game\vivado\microblaze_VGA\microblaze_VGA.sdk\Game\Debug/../src/main.c:12: undefined reference to `initBall'
collect2.exe: error: ld returned 1 exit status
make: *** [makefile:40: Game.elf] Error 1
15:48:46 **** Auto Build of configuration Debug for project Game ****
make all 
'Building file: ../src/main.c'
'Invoking: MicroBlaze gcc compiler'
mb-gcc -Wall -O0 -g3 -c -fmessage-length=0 -MT"src/main.o" -I../../Game_bsp/microblaze_0/include -mlittle-endian -mcpu=v11.0 -mxl-soft-mul -Wl,--no-relax -ffunction-sections -fdata-sections -MMD -MP -MF"src/main.d" -MT"src/main.o" -o "src/main.o" "../src/main.c"
In file included from ../src/main.c:3:0:
../src/objects/ball.h:8:13: warning: extra tokens at end of #ifndef directive
 #ifndef ball.h
             ^
../src/objects/ball.h:9:13: warning: ISO C99 requires whitespace after the macro name
 #define ball.h
             ^
'Finished building: ../src/main.c'
' '
'Building target: Game.elf'
'Invoking: MicroBlaze gcc linker'
mb-gcc -Wl,-T -Wl,../src/lscript.ld -L../../Game_bsp/microblaze_0/lib -mlittle-endian -mcpu=v11.0 -mxl-soft-mul -Wl,--no-relax -Wl,--gc-sections -o "Game.elf"  ./src/objects/ball.o  ./src/drivers/vga.o  ./src/main.o   -Wl,--start-group,-lxil,-lgcc,-lc,--end-group
./src/main.o: In function `main':
C:\Users\Waysker\Desktop\Studia\HardestGameEver\Projekt\Basys3_Game\vivado\microblaze_VGA\microblaze_VGA.sdk\Game\Debug/../src/main.c:12: undefined reference to `initBall'
collect2.exe: error: ld returned 1 exit status
make: *** [makefile:40: Game.elf] Error 1
15:48:59 **** Auto Build of configuration Debug for project Game ****
make all 
'Building file: ../src/main.c'
'Invoking: MicroBlaze gcc compiler'
mb-gcc -Wall -O0 -g3 -c -fmessage-length=0 -MT"src/main.o" -I../../Game_bsp/microblaze_0/include -mlittle-endian -mcpu=v11.0 -mxl-soft-mul -Wl,--no-relax -ffunction-sections -fdata-sections -MMD -MP -MF"src/main.d" -MT"src/main.o" -o "src/main.o" "../src/main.c"
'Finished building: ../src/main.c'
' '
'Building target: Game.elf'
'Invoking: MicroBlaze gcc linker'
mb-gcc -Wl,-T -Wl,../src/lscript.ld -L../../Game_bsp/microblaze_0/lib -mlittle-endian -mcpu=v11.0 -mxl-soft-mul -Wl,--no-relax -Wl,--gc-sections -o "Game.elf"  ./src/objects/ball.o  ./src/drivers/vga.o  ./src/main.o   -Wl,--start-group,-lxil,-lgcc,-lc,--end-group
./src/main.o: In function `main':
C:\Users\Waysker\Desktop\Studia\HardestGameEver\Projekt\Basys3_Game\vivado\microblaze_VGA\microblaze_VGA.sdk\Game\Debug/../src/main.c:12: undefined reference to `initBall'
collect2.exe: error: ld returned 1 exit status
make: *** [makefile:40: Game.elf] Error 1
15:49:15 **** Auto Build of configuration Debug for project Game ****
make all 
'Building file: ../src/main.c'
'Invoking: MicroBlaze gcc compiler'
mb-gcc -Wall -O0 -g3 -c -fmessage-length=0 -MT"src/main.o" -I../../Game_bsp/microblaze_0/include -mlittle-endian -mcpu=v11.0 -mxl-soft-mul -Wl,--no-relax -ffunction-sections -fdata-sections -MMD -MP -MF"src/main.d" -MT"src/main.o" -o "src/main.o" "../src/main.c"
'Finished building: ../src/main.c'
' '
'Building target: Game.elf'
'Invoking: MicroBlaze gcc linker'
mb-gcc -Wl,-T -Wl,../src/lscript.ld -L../../Game_bsp/microblaze_0/lib -mlittle-endian -mcpu=v11.0 -mxl-soft-mul -Wl,--no-relax -Wl,--gc-sections -o "Game.elf"  ./src/objects/ball.o  ./src/drivers/vga.o  ./src/main.o   -Wl,--start-group,-lxil,-lgcc,-lc,--end-group
./src/main.o: In function `main':
C:\Users\Waysker\Desktop\Studia\HardestGameEver\Projekt\Basys3_Game\vivado\microblaze_VGA\microblaze_VGA.sdk\Game\Debug/../src/main.c:12: undefined reference to `initBall'
collect2.exe: error: ld returned 1 exit status
make: *** [makefile:40: Game.elf] Error 1
15:49:52 **** Auto Build of configuration Debug for project Game ****
make all 
'Building file: ../src/main.c'
'Invoking: MicroBlaze gcc compiler'
mb-gcc -Wall -O0 -g3 -c -fmessage-length=0 -MT"src/main.o" -I../../Game_bsp/microblaze_0/include -mlittle-endian -mcpu=v11.0 -mxl-soft-mul -Wl,--no-relax -ffunction-sections -fdata-sections -MMD -MP -MF"src/main.d" -MT"src/main.o" -o "src/main.o" "../src/main.c"
'Finished building: ../src/main.c'
' '
'Building target: Game.elf'
'Invoking: MicroBlaze gcc linker'
mb-gcc -Wl,-T -Wl,../src/lscript.ld -L../../Game_bsp/microblaze_0/lib -mlittle-endian -mcpu=v11.0 -mxl-soft-mul -Wl,--no-relax -Wl,--gc-sections -o "Game.elf"  ./src/objects/ball.o  ./src/drivers/vga.o  ./src/main.o   -Wl,--start-group,-lxil,-lgcc,-lc,--end-group
./src/main.o: In function `main':
C:\Users\Waysker\Desktop\Studia\HardestGameEver\Projekt\Basys3_Game\vivado\microblaze_VGA\microblaze_VGA.sdk\Game\Debug/../src/main.c:12: undefined reference to `initBall'
collect2.exe: error: ld returned 1 exit status
make: *** [makefile:40: Game.elf] Error 1
15:50:03 **** Auto Build of configuration Debug for project Game ****
make all 
'Building file: ../src/objects/ball.c'
'Invoking: MicroBlaze gcc compiler'
mb-gcc -Wall -O0 -g3 -c -fmessage-length=0 -MT"src/objects/ball.o" -I../../Game_bsp/microblaze_0/include -mlittle-endian -mcpu=v11.0 -mxl-soft-mul -Wl,--no-relax -ffunction-sections -fdata-sections -MMD -MP -MF"src/objects/ball.d" -MT"src/objects/ball.o" -o "src/objects/ball.o" "../src/objects/ball.c"
'Finished building: ../src/objects/ball.c'
' '
'Building target: Game.elf'
'Invoking: MicroBlaze gcc linker'
mb-gcc -Wl,-T -Wl,../src/lscript.ld -L../../Game_bsp/microblaze_0/lib -mlittle-endian -mcpu=v11.0 -mxl-soft-mul -Wl,--no-relax -Wl,--gc-sections -o "Game.elf"  ./src/objects/ball.o  ./src/drivers/vga.o  ./src/main.o   -Wl,--start-group,-lxil,-lgcc,-lc,--end-group
./src/main.o: In function `main':
C:\Users\Waysker\Desktop\Studia\HardestGameEver\Projekt\Basys3_Game\vivado\microblaze_VGA\microblaze_VGA.sdk\Game\Debug/../src/main.c:12: undefined reference to `initBall'
collect2.exe: error: ld returned 1 exit status
make: *** [makefile:40: Game.elf] Error 1
15:50:06 **** Auto Build of configuration Debug for project Game ****
make all 
'Building file: ../src/objects/ball.c'
'Invoking: MicroBlaze gcc compiler'
mb-gcc -Wall -O0 -g3 -c -fmessage-length=0 -MT"src/objects/ball.o" -I../../Game_bsp/microblaze_0/include -mlittle-endian -mcpu=v11.0 -mxl-soft-mul -Wl,--no-relax -ffunction-sections -fdata-sections -MMD -MP -MF"src/objects/ball.d" -MT"src/objects/ball.o" -o "src/objects/ball.o" "../src/objects/ball.c"
'Finished building: ../src/objects/ball.c'
' '
'Building file: ../src/main.c'
'Invoking: MicroBlaze gcc compiler'
mb-gcc -Wall -O0 -g3 -c -fmessage-length=0 -MT"src/main.o" -I../../Game_bsp/microblaze_0/include -mlittle-endian -mcpu=v11.0 -mxl-soft-mul -Wl,--no-relax -ffunction-sections -fdata-sections -MMD -MP -MF"src/main.d" -MT"src/main.o" -o "src/main.o" "../src/main.c"
'Finished building: ../src/main.c'
' '
'Building target: Game.elf'
'Invoking: MicroBlaze gcc linker'
mb-gcc -Wl,-T -Wl,../src/lscript.ld -L../../Game_bsp/microblaze_0/lib -mlittle-endian -mcpu=v11.0 -mxl-soft-mul -Wl,--no-relax -Wl,--gc-sections -o "Game.elf"  ./src/objects/ball.o  ./src/drivers/vga.o  ./src/main.o   -Wl,--start-group,-lxil,-lgcc,-lc,--end-group
./src/main.o: In function `main':
C:\Users\Waysker\Desktop\Studia\HardestGameEver\Projekt\Basys3_Game\vivado\microblaze_VGA\microblaze_VGA.sdk\Game\Debug/../src/main.c:12: undefined reference to `initBall'
collect2.exe: error: ld returned 1 exit status
make: *** [makefile:40: Game.elf] Error 1
15:51:02 **** Auto Build of configuration Debug for project Game ****
make all 
'Building file: ../src/objects/ball.c'
'Invoking: MicroBlaze gcc compiler'
mb-gcc -Wall -O0 -g3 -c -fmessage-length=0 -MT"src/objects/ball.o" -I../../Game_bsp/microblaze_0/include -mlittle-endian -mcpu=v11.0 -mxl-soft-mul -Wl,--no-relax -ffunction-sections -fdata-sections -MMD -MP -MF"src/objects/ball.d" -MT"src/objects/ball.o" -o "src/objects/ball.o" "../src/objects/ball.c"
'Finished building: ../src/objects/ball.c'
' '
'Building file: ../src/main.c'
'Invoking: MicroBlaze gcc compiler'
mb-gcc -Wall -O0 -g3 -c -fmessage-length=0 -MT"src/main.o" -I../../Game_bsp/microblaze_0/include -mlittle-endian -mcpu=v11.0 -mxl-soft-mul -Wl,--no-relax -ffunction-sections -fdata-sections -MMD -MP -MF"src/main.d" -MT"src/main.o" -o "src/main.o" "../src/main.c"
../src/main.c: In function 'main':
../src/main.c:12:3: warning: implicit declaration of function 'initBall'; did you mean 'initstate'? [-Wimplicit-function-declaration]
   initBall();
   ^~~~~~~~
   initstate
'Finished building: ../src/main.c'
' '
'Building target: Game.elf'
'Invoking: MicroBlaze gcc linker'
mb-gcc -Wl,-T -Wl,../src/lscript.ld -L../../Game_bsp/microblaze_0/lib -mlittle-endian -mcpu=v11.0 -mxl-soft-mul -Wl,--no-relax -Wl,--gc-sections -o "Game.elf"  ./src/objects/ball.o  ./src/drivers/vga.o  ./src/main.o   -Wl,--start-group,-lxil,-lgcc,-lc,--end-group
./src/main.o: In function `main':
C:\Users\Waysker\Desktop\Studia\HardestGameEver\Projekt\Basys3_Game\vivado\microblaze_VGA\microblaze_VGA.sdk\Game\Debug/../src/main.c:12: undefined reference to `initBall'
collect2.exe: error: ld returned 1 exit status
make: *** [makefile:40: Game.elf] Error 1
15:51:54 **** Auto Build of configuration Debug for project Game ****
make all 
'Building file: ../src/main.c'
'Invoking: MicroBlaze gcc compiler'
mb-gcc -Wall -O0 -g3 -c -fmessage-length=0 -MT"src/main.o" -I../../Game_bsp/microblaze_0/include -mlittle-endian -mcpu=v11.0 -mxl-soft-mul -Wl,--no-relax -ffunction-sections -fdata-sections -MMD -MP -MF"src/main.d" -MT"src/main.o" -o "src/main.o" "../src/main.c"
'Finished building: ../src/main.c'
' '
'Building target: Game.elf'
'Invoking: MicroBlaze gcc linker'
mb-gcc -Wl,-T -Wl,../src/lscript.ld -L../../Game_bsp/microblaze_0/lib -mlittle-endian -mcpu=v11.0 -mxl-soft-mul -Wl,--no-relax -Wl,--gc-sections -o "Game.elf"  ./src/objects/ball.o  ./src/drivers/vga.o  ./src/main.o   -Wl,--start-group,-lxil,-lgcc,-lc,--end-group
'Finished building target: Game.elf'
' '
'Invoking: MicroBlaze Print Size'
mb-size Game.elf  |tee "Game.elf.size"
   text	   data	    bss	    dec	    hex	filename
   3184	    268	   3108	   6560	   19a0	Game.elf
'Finished building: Game.elf.size'
' '
15:51:57 **** Incremental Build of configuration Debug for project Game ****
make all 
make: Nothing to be done for 'all'.
15:52:02 **** Incremental Build of configuration Debug for project Game ****
make all 
make: Nothing to be done for 'all'.
15:52:11 **** Incremental Build of configuration Debug for project Game ****
make all 
make: Nothing to be done for 'all'.
15:52:55 **** Incremental Build of configuration Debug for project Game ****
make all 
make: Nothing to be done for 'all'.
15:57:14 **** Auto Build of configuration Debug for project Game ****
make all 
'Building file: ../src/main.c'
'Invoking: MicroBlaze gcc compiler'
mb-gcc -Wall -O0 -g3 -c -fmessage-length=0 -MT"src/main.o" -I../../Game_bsp/microblaze_0/include -mlittle-endian -mcpu=v11.0 -mxl-soft-mul -Wl,--no-relax -ffunction-sections -fdata-sections -MMD -MP -MF"src/main.d" -MT"src/main.o" -o "src/main.o" "../src/main.c"
'Finished building: ../src/main.c'
' '
'Building target: Game.elf'
'Invoking: MicroBlaze gcc linker'
mb-gcc -Wl,-T -Wl,../src/lscript.ld -L../../Game_bsp/microblaze_0/lib -mlittle-endian -mcpu=v11.0 -mxl-soft-mul -Wl,--no-relax -Wl,--gc-sections -o "Game.elf"  ./src/objects/ball.o  ./src/drivers/vga.o  ./src/main.o   -Wl,--start-group,-lxil,-lgcc,-lc,--end-group
'Finished building target: Game.elf'
' '
'Invoking: MicroBlaze Print Size'
mb-size Game.elf  |tee "Game.elf.size"
   text	   data	    bss	    dec	    hex	filename
   3232	    268	   3108	   6608	   19d0	Game.elf
'Finished building: Game.elf.size'
' '
15:57:20 **** Auto Build of configuration Debug for project Game ****
make all 
'Building file: ../src/objects/ball.c'
'Invoking: MicroBlaze gcc compiler'
mb-gcc -Wall -O0 -g3 -c -fmessage-length=0 -MT"src/objects/ball.o" -I../../Game_bsp/microblaze_0/include -mlittle-endian -mcpu=v11.0 -mxl-soft-mul -Wl,--no-relax -ffunction-sections -fdata-sections -MMD -MP -MF"src/objects/ball.d" -MT"src/objects/ball.o" -o "src/objects/ball.o" "../src/objects/ball.c"
../src/objects/ball.c: In function 'ballInit':
../src/objects/ball.c:6:10: warning: unused variable 'h' [-Wunused-variable]
  uint8_t h = 50;
          ^
'Finished building: ../src/objects/ball.c'
' '
'Building target: Game.elf'
'Invoking: MicroBlaze gcc linker'
mb-gcc -Wl,-T -Wl,../src/lscript.ld -L../../Game_bsp/microblaze_0/lib -mlittle-endian -mcpu=v11.0 -mxl-soft-mul -Wl,--no-relax -Wl,--gc-sections -o "Game.elf"  ./src/objects/ball.o  ./src/drivers/vga.o  ./src/main.o   -Wl,--start-group,-lxil,-lgcc,-lc,--end-group
'Finished building target: Game.elf'
' '
'Invoking: MicroBlaze Print Size'
mb-size Game.elf  |tee "Game.elf.size"
   text	   data	    bss	    dec	    hex	filename
   3240	    268	   3108	   6616	   19d8	Game.elf
'Finished building: Game.elf.size'
' '
15:57:22 **** Incremental Build of configuration Debug for project Game ****
make all 
make: Nothing to be done for 'all'.
15:57:46 **** Auto Build of configuration Debug for project Game ****
make all 
'Building file: ../src/main.c'
'Invoking: MicroBlaze gcc compiler'
mb-gcc -Wall -O0 -g3 -c -fmessage-length=0 -MT"src/main.o" -I../../Game_bsp/microblaze_0/include -mlittle-endian -mcpu=v11.0 -mxl-soft-mul -Wl,--no-relax -ffunction-sections -fdata-sections -MMD -MP -MF"src/main.d" -MT"src/main.o" -o "src/main.o" "../src/main.c"
'Finished building: ../src/main.c'
' '
'Building target: Game.elf'
'Invoking: MicroBlaze gcc linker'
mb-gcc -Wl,-T -Wl,../src/lscript.ld -L../../Game_bsp/microblaze_0/lib -mlittle-endian -mcpu=v11.0 -mxl-soft-mul -Wl,--no-relax -Wl,--gc-sections -o "Game.elf"  ./src/objects/ball.o  ./src/drivers/vga.o  ./src/main.o   -Wl,--start-group,-lxil,-lgcc,-lc,--end-group
'Finished building target: Game.elf'
' '
'Invoking: MicroBlaze Print Size'
mb-size Game.elf  |tee "Game.elf.size"
   text	   data	    bss	    dec	    hex	filename
   3240	    268	   3108	   6616	   19d8	Game.elf
'Finished building: Game.elf.size'
' '
15:57:48 **** Incremental Build of configuration Debug for project Game ****
make all 
make: Nothing to be done for 'all'.
15:59:27 **** Auto Build of configuration Debug for project Game ****
make all 
'Building file: ../src/objects/ball.c'
'Invoking: MicroBlaze gcc compiler'
mb-gcc -Wall -O0 -g3 -c -fmessage-length=0 -MT"src/objects/ball.o" -I../../Game_bsp/microblaze_0/include -mlittle-endian -mcpu=v11.0 -mxl-soft-mul -Wl,--no-relax -ffunction-sections -fdata-sections -MMD -MP -MF"src/objects/ball.d" -MT"src/objects/ball.o" -o "src/objects/ball.o" "../src/objects/ball.c"
In file included from ../src/objects/ball.c:2:0:
../src/objects/../drivers/vga.h:9:15: error: expected ';', ',' or ')' before numeric constant
 #define WIDTH 100
               ^
../src/objects/../drivers/vga.h:19:68: note: in expansion of macro 'WIDTH'
 void vga_draw_rect(const uint8_t X, const uint8_t Y, const uint8_t WIDTH, const uint8_t HEIGHT,
                                                                    ^~~~~
../src/objects/ball.c: In function 'ballInit':
../src/objects/ball.c:6:10: warning: unused variable 'h' [-Wunused-variable]
  uint8_t h = 50;
          ^
make: *** [src/objects/subdir.mk:20: src/objects/ball.o] Error 1
15:59:46 **** Auto Build of configuration Debug for project Game ****
make all 
'Building file: ../src/objects/ball.c'
'Invoking: MicroBlaze gcc compiler'
mb-gcc -Wall -O0 -g3 -c -fmessage-length=0 -MT"src/objects/ball.o" -I../../Game_bsp/microblaze_0/include -mlittle-endian -mcpu=v11.0 -mxl-soft-mul -Wl,--no-relax -ffunction-sections -fdata-sections -MMD -MP -MF"src/objects/ball.d" -MT"src/objects/ball.o" -o "src/objects/ball.o" "../src/objects/ball.c"
../src/objects/ball.c: In function 'ballInit':
../src/objects/ball.c:6:10: warning: unused variable 'h' [-Wunused-variable]
  uint8_t h = 50;
          ^
'Finished building: ../src/objects/ball.c'
' '
'Building file: ../src/drivers/vga.c'
'Invoking: MicroBlaze gcc compiler'
mb-gcc -Wall -O0 -g3 -c -fmessage-length=0 -MT"src/drivers/vga.o" -I../../Game_bsp/microblaze_0/include -mlittle-endian -mcpu=v11.0 -mxl-soft-mul -Wl,--no-relax -ffunction-sections -fdata-sections -MMD -MP -MF"src/drivers/vga.d" -MT"src/drivers/vga.o" -o "src/drivers/vga.o" "../src/drivers/vga.c"
In file included from ../src/drivers/vga.c:1:0:
../src/drivers/vga.c: In function 'vga_draw':
../src/drivers/vga.h:6:18: warning: initialization makes pointer from integer without a cast [-Wint-conversion]
 #define VGA_ADDR (0x44a00000)
                  ^
../src/drivers/vga.c:14:22: note: in expansion of macro 'VGA_ADDR'
  unsigned int *vga = VGA_ADDR;
                      ^~~~~~~~
'Finished building: ../src/drivers/vga.c'
' '
'Building file: ../src/main.c'
'Invoking: MicroBlaze gcc compiler'
mb-gcc -Wall -O0 -g3 -c -fmessage-length=0 -MT"src/main.o" -I../../Game_bsp/microblaze_0/include -mlittle-endian -mcpu=v11.0 -mxl-soft-mul -Wl,--no-relax -ffunction-sections -fdata-sections -MMD -MP -MF"src/main.d" -MT"src/main.o" -o "src/main.o" "../src/main.c"
'Finished building: ../src/main.c'
' '
'Building target: Game.elf'
'Invoking: MicroBlaze gcc linker'
mb-gcc -Wl,-T -Wl,../src/lscript.ld -L../../Game_bsp/microblaze_0/lib -mlittle-endian -mcpu=v11.0 -mxl-soft-mul -Wl,--no-relax -Wl,--gc-sections -o "Game.elf"  ./src/objects/ball.o  ./src/drivers/vga.o  ./src/main.o   -Wl,--start-group,-lxil,-lgcc,-lc,--end-group
'Finished building target: Game.elf'
' '
'Invoking: MicroBlaze Print Size'
mb-size Game.elf  |tee "Game.elf.size"
   text	   data	    bss	    dec	    hex	filename
   3240	    268	   3108	   6616	   19d8	Game.elf
'Finished building: Game.elf.size'
' '
16:00:18 **** Auto Build of configuration Debug for project Game ****
make all 
'Building file: ../src/objects/ball.c'
'Invoking: MicroBlaze gcc compiler'
mb-gcc -Wall -O0 -g3 -c -fmessage-length=0 -MT"src/objects/ball.o" -I../../Game_bsp/microblaze_0/include -mlittle-endian -mcpu=v11.0 -mxl-soft-mul -Wl,--no-relax -ffunction-sections -fdata-sections -MMD -MP -MF"src/objects/ball.d" -MT"src/objects/ball.o" -o "src/objects/ball.o" "../src/objects/ball.c"
'Finished building: ../src/objects/ball.c'
' '
'Building target: Game.elf'
'Invoking: MicroBlaze gcc linker'
mb-gcc -Wl,-T -Wl,../src/lscript.ld -L../../Game_bsp/microblaze_0/lib -mlittle-endian -mcpu=v11.0 -mxl-soft-mul -Wl,--no-relax -Wl,--gc-sections -o "Game.elf"  ./src/objects/ball.o  ./src/drivers/vga.o  ./src/main.o   -Wl,--start-group,-lxil,-lgcc,-lc,--end-group
'Finished building target: Game.elf'
' '
'Invoking: MicroBlaze Print Size'
mb-size Game.elf  |tee "Game.elf.size"
   text	   data	    bss	    dec	    hex	filename
   3256	    268	   3108	   6632	   19e8	Game.elf
'Finished building: Game.elf.size'
' '
16:00:23 **** Incremental Build of configuration Debug for project Game ****
make all 
make: Nothing to be done for 'all'.
16:00:50 **** Auto Build of configuration Debug for project Game ****
make all 
'Building file: ../src/main.c'
'Invoking: MicroBlaze gcc compiler'
mb-gcc -Wall -O0 -g3 -c -fmessage-length=0 -MT"src/main.o" -I../../Game_bsp/microblaze_0/include -mlittle-endian -mcpu=v11.0 -mxl-soft-mul -Wl,--no-relax -ffunction-sections -fdata-sections -MMD -MP -MF"src/main.d" -MT"src/main.o" -o "src/main.o" "../src/main.c"
'Finished building: ../src/main.c'
' '
'Building target: Game.elf'
'Invoking: MicroBlaze gcc linker'
mb-gcc -Wl,-T -Wl,../src/lscript.ld -L../../Game_bsp/microblaze_0/lib -mlittle-endian -mcpu=v11.0 -mxl-soft-mul -Wl,--no-relax -Wl,--gc-sections -o "Game.elf"  ./src/objects/ball.o  ./src/drivers/vga.o  ./src/main.o   -Wl,--start-group,-lxil,-lgcc,-lc,--end-group
'Finished building target: Game.elf'
' '
'Invoking: MicroBlaze Print Size'
mb-size Game.elf  |tee "Game.elf.size"
   text	   data	    bss	    dec	    hex	filename
   3424	    268	   3108	   6800	   1a90	Game.elf
'Finished building: Game.elf.size'
' '
16:00:53 **** Incremental Build of configuration Debug for project Game ****
make all 
make: Nothing to be done for 'all'.
16:08:37 **** Auto Build of configuration Debug for project Game ****
make all 
'Building file: ../src/objects/ball.c'
'Invoking: MicroBlaze gcc compiler'
mb-gcc -Wall -O0 -g3 -c -fmessage-length=0 -MT"src/objects/ball.o" -I../../Game_bsp/microblaze_0/include -mlittle-endian -mcpu=v11.0 -mxl-soft-mul -Wl,--no-relax -ffunction-sections -fdata-sections -MMD -MP -MF"src/objects/ball.d" -MT"src/objects/ball.o" -o "src/objects/ball.o" "../src/objects/ball.c"
'Finished building: ../src/objects/ball.c'
' '
'Building file: ../src/main.c'
'Invoking: MicroBlaze gcc compiler'
mb-gcc -Wall -O0 -g3 -c -fmessage-length=0 -MT"src/main.o" -I../../Game_bsp/microblaze_0/include -mlittle-endian -mcpu=v11.0 -mxl-soft-mul -Wl,--no-relax -ffunction-sections -fdata-sections -MMD -MP -MF"src/main.d" -MT"src/main.o" -o "src/main.o" "../src/main.c"
'Finished building: ../src/main.c'
' '
'Building target: Game.elf'
'Invoking: MicroBlaze gcc linker'
mb-gcc -Wl,-T -Wl,../src/lscript.ld -L../../Game_bsp/microblaze_0/lib -mlittle-endian -mcpu=v11.0 -mxl-soft-mul -Wl,--no-relax -Wl,--gc-sections -o "Game.elf"  ./src/objects/ball.o  ./src/drivers/vga.o  ./src/main.o   -Wl,--start-group,-lxil,-lgcc,-lc,--end-group
'Finished building target: Game.elf'
' '
'Invoking: MicroBlaze Print Size'
mb-size Game.elf  |tee "Game.elf.size"
   text	   data	    bss	    dec	    hex	filename
   3424	    268	   3108	   6800	   1a90	Game.elf
'Finished building: Game.elf.size'
' '
16:08:39 **** Auto Build of configuration Debug for project Game ****
make all 
'Building file: ../src/objects/ball.c'
'Invoking: MicroBlaze gcc compiler'
mb-gcc -Wall -O0 -g3 -c -fmessage-length=0 -MT"src/objects/ball.o" -I../../Game_bsp/microblaze_0/include -mlittle-endian -mcpu=v11.0 -mxl-soft-mul -Wl,--no-relax -ffunction-sections -fdata-sections -MMD -MP -MF"src/objects/ball.d" -MT"src/objects/ball.o" -o "src/objects/ball.o" "../src/objects/ball.c"
../src/objects/ball.c: In function 'ballInit':
../src/objects/ball.c:7:9: warning: unused variable 's' [-Wunused-variable]
  int8_t s = 0;
         ^
../src/objects/ball.c: In function 'ballUpdate':
../src/objects/ball.c:11:2: error: 'h' undeclared (first use in this function)
  h=h+s;
  ^
../src/objects/ball.c:11:2: note: each undeclared identifier is reported only once for each function it appears in
../src/objects/ball.c:11:6: error: 's' undeclared (first use in this function)
  h=h+s;
      ^
make: *** [src/objects/subdir.mk:20: src/objects/ball.o] Error 1
16:08:41 **** Auto Build of configuration Debug for project Game ****
make all 
'Building file: ../src/objects/ball.c'
'Invoking: MicroBlaze gcc compiler'
mb-gcc -Wall -O0 -g3 -c -fmessage-length=0 -MT"src/objects/ball.o" -I../../Game_bsp/microblaze_0/include -mlittle-endian -mcpu=v11.0 -mxl-soft-mul -Wl,--no-relax -ffunction-sections -fdata-sections -MMD -MP -MF"src/objects/ball.d" -MT"src/objects/ball.o" -o "src/objects/ball.o" "../src/objects/ball.c"
../src/objects/ball.c: In function 'ballInit':
../src/objects/ball.c:7:9: warning: unused variable 's' [-Wunused-variable]
  int8_t s = 0;
         ^
../src/objects/ball.c: In function 'ballUpdate':
../src/objects/ball.c:11:2: error: 'h' undeclared (first use in this function)
  h=h+s;
  ^
../src/objects/ball.c:11:2: note: each undeclared identifier is reported only once for each function it appears in
../src/objects/ball.c:11:6: error: 's' undeclared (first use in this function)
  h=h+s;
      ^
make: *** [src/objects/subdir.mk:20: src/objects/ball.o] Error 1
16:09:15 **** Auto Build of configuration Debug for project Game ****
make all 
'Building file: ../src/objects/ball.c'
'Invoking: MicroBlaze gcc compiler'
mb-gcc -Wall -O0 -g3 -c -fmessage-length=0 -MT"src/objects/ball.o" -I../../Game_bsp/microblaze_0/include -mlittle-endian -mcpu=v11.0 -mxl-soft-mul -Wl,--no-relax -ffunction-sections -fdata-sections -MMD -MP -MF"src/objects/ball.d" -MT"src/objects/ball.o" -o "src/objects/ball.o" "../src/objects/ball.c"
../src/objects/ball.c: In function 'ballUpdate':
../src/objects/ball.c:16:3: warning: statement with no effect [-Wunused-value]
  s+1;
  ~^~
'Finished building: ../src/objects/ball.c'
' '
'Building file: ../src/main.c'
'Invoking: MicroBlaze gcc compiler'
mb-gcc -Wall -O0 -g3 -c -fmessage-length=0 -MT"src/main.o" -I../../Game_bsp/microblaze_0/include -mlittle-endian -mcpu=v11.0 -mxl-soft-mul -Wl,--no-relax -ffunction-sections -fdata-sections -MMD -MP -MF"src/main.d" -MT"src/main.o" -o "src/main.o" "../src/main.c"
'Finished building: ../src/main.c'
' '
'Building target: Game.elf'
'Invoking: MicroBlaze gcc linker'
[...]
../src/drivers/vga.c:13:6: note: expected 'uint16_t {aka short unsigned int}' but argument is of type 'uint8_t * {aka unsigned char *}'
 void vga_draw(unsigned char x, unsigned char y, uint16_t color) {
      ^~~~~~~~
../src/drivers/vga.c:28:22: warning: passing argument 3 of 'vga_draw' makes integer from pointer without a cast [-Wint-conversion]
  vga_draw(xc+y, yc+x,color);
                      ^~~~~
../src/drivers/vga.c:13:6: note: expected 'uint16_t {aka short unsigned int}' but argument is of type 'uint8_t * {aka unsigned char *}'
 void vga_draw(unsigned char x, unsigned char y, uint16_t color) {
      ^~~~~~~~
../src/drivers/vga.c:29:22: warning: passing argument 3 of 'vga_draw' makes integer from pointer without a cast [-Wint-conversion]
  vga_draw(xc-y, yc+x,color);
                      ^~~~~
../src/drivers/vga.c:13:6: note: expected 'uint16_t {aka short unsigned int}' but argument is of type 'uint8_t * {aka unsigned char *}'
 void vga_draw(unsigned char x, unsigned char y, uint16_t color) {
      ^~~~~~~~
../src/drivers/vga.c:30:22: warning: passing argument 3 of 'vga_draw' makes integer from pointer without a cast [-Wint-conversion]
  vga_draw(xc+y, yc-x,color);
                      ^~~~~
../src/drivers/vga.c:13:6: note: expected 'uint16_t {aka short unsigned int}' but argument is of type 'uint8_t * {aka unsigned char *}'
 void vga_draw(unsigned char x, unsigned char y, uint16_t color) {
      ^~~~~~~~
../src/drivers/vga.c:31:22: warning: passing argument 3 of 'vga_draw' makes integer from pointer without a cast [-Wint-conversion]
  vga_draw(xc-y, yc-x,color);
                      ^~~~~
../src/drivers/vga.c:13:6: note: expected 'uint16_t {aka short unsigned int}' but argument is of type 'uint8_t * {aka unsigned char *}'
 void vga_draw(unsigned char x, unsigned char y, uint16_t color) {
      ^~~~~~~~
'Finished building: ../src/drivers/vga.c'
' '
'Building target: Game.elf'
'Invoking: MicroBlaze gcc linker'
mb-gcc -Wl,-T -Wl,../src/lscript.ld -L../../Game_bsp/microblaze_0/lib -mlittle-endian -mcpu=v11.0 -mxl-soft-mul -Wl,--no-relax -Wl,--gc-sections -o "Game.elf"  ./src/util/ublaze_util.o  ./src/screen/font.o ./src/screen/screen.o ./src/screen/screen_builders.o  ./src/objects/ball.o ./src/objects/game.o ./src/objects/player.o  ./src/drivers/keyboard.o ./src/drivers/vga.o  ./src/main.o   -Wl,--start-group,-lxil,-lgcc,-lc,--end-group
'Finished building target: Game.elf'
' '
'Invoking: MicroBlaze Print Size'
mb-size Game.elf  |tee "Game.elf.size"
   text	   data	    bss	    dec	    hex	filename
 104820	   1736	   3220	 109776	  1acd0	Game.elf
'Finished building: Game.elf.size'
' '
17:32:55 **** Incremental Build of configuration Debug for project Game ****
make all 
make: Nothing to be done for 'all'.
17:33:38 **** Auto Build of configuration Debug for project Game ****
make all 
'Building file: ../src/drivers/vga.c'
'Invoking: MicroBlaze gcc compiler'
mb-gcc -Wall -O0 -g3 -c -fmessage-length=0 -MT"src/drivers/vga.o" -I../../Game_bsp/microblaze_0/include -mlittle-endian -mcpu=v11.0 -mxl-soft-mul -Wl,--no-relax -ffunction-sections -fdata-sections -MMD -MP -MF"src/drivers/vga.d" -MT"src/drivers/vga.o" -o "src/drivers/vga.o" "../src/drivers/vga.c"
In file included from ../src/drivers/vga.c:1:0:
../src/drivers/vga.c: In function 'vga_draw':
../src/drivers/vga.h:6:18: warning: initialization makes pointer from integer without a cast [-Wint-conversion]
 #define VGA_ADDR (0x44a00000)
                  ^
../src/drivers/vga.c:14:22: note: in expansion of macro 'VGA_ADDR'
  unsigned int *vga = VGA_ADDR;
                      ^~~~~~~~
../src/drivers/vga.c: In function 'drawCircle':
../src/drivers/vga.c:22:26: warning: passing argument 3 of 'vga_draw' makes integer from pointer without a cast [-Wint-conversion]
  vga_draw(xc+x-i, yc+y-i,color);
                          ^~~~~
../src/drivers/vga.c:13:6: note: expected 'uint16_t {aka short unsigned int}' but argument is of type 'uint8_t * {aka unsigned char *}'
 void vga_draw(unsigned char x, unsigned char y, uint16_t color) {
      ^~~~~~~~
../src/drivers/vga.c:23:26: warning: passing argument 3 of 'vga_draw' makes integer from pointer without a cast [-Wint-conversion]
  vga_draw(xc-x+i, yc+y-i,color);
                          ^~~~~
../src/drivers/vga.c:13:6: note: expected 'uint16_t {aka short unsigned int}' but argument is of type 'uint8_t * {aka unsigned char *}'
 void vga_draw(unsigned char x, unsigned char y, uint16_t color) {
      ^~~~~~~~
../src/drivers/vga.c:24:26: warning: passing argument 3 of 'vga_draw' makes integer from pointer without a cast [-Wint-conversion]
  vga_draw(xc+x-i, yc-y+i,color);
                          ^~~~~
../src/drivers/vga.c:13:6: note: expected 'uint16_t {aka short unsigned int}' but argument is of type 'uint8_t * {aka unsigned char *}'
 void vga_draw(unsigned char x, unsigned char y, uint16_t color) {
      ^~~~~~~~
../src/drivers/vga.c:28:22: warning: passing argument 3 of 'vga_draw' makes integer from pointer without a cast [-Wint-conversion]
  vga_draw(xc-x, yc-y,color);
                      ^~~~~
../src/drivers/vga.c:13:6: note: expected 'uint16_t {aka short unsigned int}' but argument is of type 'uint8_t * {aka unsigned char *}'
 void vga_draw(unsigned char x, unsigned char y, uint16_t color) {
      ^~~~~~~~
../src/drivers/vga.c:29:22: warning: passing argument 3 of 'vga_draw' makes integer from pointer without a cast [-Wint-conversion]
  vga_draw(xc+y, yc+x,color);
                      ^~~~~
../src/drivers/vga.c:13:6: note: expected 'uint16_t {aka short unsigned int}' but argument is of type 'uint8_t * {aka unsigned char *}'
 void vga_draw(unsigned char x, unsigned char y, uint16_t color) {
      ^~~~~~~~
../src/drivers/vga.c:30:22: warning: passing argument 3 of 'vga_draw' makes integer from pointer without a cast [-Wint-conversion]
  vga_draw(xc-y, yc+x,color);
                      ^~~~~
../src/drivers/vga.c:13:6: note: expected 'uint16_t {aka short unsigned int}' but argument is of type 'uint8_t * {aka unsigned char *}'
 void vga_draw(unsigned char x, unsigned char y, uint16_t color) {
      ^~~~~~~~
../src/drivers/vga.c:31:22: warning: passing argument 3 of 'vga_draw' makes integer from pointer without a cast [-Wint-conversion]
  vga_draw(xc+y, yc-x,color);
                      ^~~~~
../src/drivers/vga.c:13:6: note: expected 'uint16_t {aka short unsigned int}' but argument is of type 'uint8_t * {aka unsigned char *}'
 void vga_draw(unsigned char x, unsigned char y, uint16_t color) {
      ^~~~~~~~
../src/drivers/vga.c:32:22: warning: passing argument 3 of 'vga_draw' makes integer from pointer without a cast [-Wint-conversion]
  vga_draw(xc-y, yc-x,color);
                      ^~~~~
../src/drivers/vga.c:13:6: note: expected 'uint16_t {aka short unsigned int}' but argument is of type 'uint8_t * {aka unsigned char *}'
 void vga_draw(unsigned char x, unsigned char y, uint16_t color) {
      ^~~~~~~~
'Finished building: ../src/drivers/vga.c'
' '
'Building target: Game.elf'
'Invoking: MicroBlaze gcc linker'
mb-gcc -Wl,-T -Wl,../src/lscript.ld -L../../Game_bsp/microblaze_0/lib -mlittle-endian -mcpu=v11.0 -mxl-soft-mul -Wl,--no-relax -Wl,--gc-sections -o "Game.elf"  ./src/util/ublaze_util.o  ./src/screen/font.o ./src/screen/screen.o ./src/screen/screen_builders.o  ./src/objects/ball.o ./src/objects/game.o ./src/objects/player.o  ./src/drivers/keyboard.o ./src/drivers/vga.o  ./src/main.o   -Wl,--start-group,-lxil,-lgcc,-lc,--end-group
'Finished building target: Game.elf'
' '
'Invoking: MicroBlaze Print Size'
mb-size Game.elf  |tee "Game.elf.size"
   text	   data	    bss	    dec	    hex	filename
 104852	   1736	   3220	 109808	  1acf0	Game.elf
'Finished building: Game.elf.size'
' '
17:33:40 **** Incremental Build of configuration Debug for project Game ****
make all 
make: Nothing to be done for 'all'.
17:33:44 **** Incremental Build of configuration Debug for project Game ****
make all 
make: Nothing to be done for 'all'.
17:37:56 **** Incremental Build of configuration Debug for project Game ****
make all 
'Building file: ../src/main.c'
'Invoking: MicroBlaze gcc compiler'
mb-gcc -Wall -O0 -g3 -c -fmessage-length=0 -MT"src/main.o" -I../../Game_bsp/microblaze_0/include -mlittle-endian -mcpu=v11.0 -mxl-soft-mul -Wl,--no-relax -ffunction-sections -fdata-sections -MMD -MP -MF"src/main.d" -MT"src/main.o" -o "src/main.o" "../src/main.c"
'Finished building: ../src/main.c'
' '
'Building target: Game.elf'
'Invoking: MicroBlaze gcc linker'
mb-gcc -Wl,-T -Wl,../src/lscript.ld -L../../Game_bsp/microblaze_0/lib -mlittle-endian -mcpu=v11.0 -mxl-soft-mul -Wl,--no-relax -Wl,--gc-sections -o "Game.elf"  ./src/util/ublaze_util.o  ./src/screen/font.o ./src/screen/screen.o ./src/screen/screen_builders.o  ./src/objects/ball.o ./src/objects/game.o ./src/objects/player.o  ./src/drivers/keyboard.o ./src/drivers/vga.o  ./src/main.o   -Wl,--start-group,-lxil,-lgcc,-lc,--end-group
'Finished building target: Game.elf'
' '
'Invoking: MicroBlaze Print Size'
mb-size Game.elf  |tee "Game.elf.size"
   text	   data	    bss	    dec	    hex	filename
 104772	   1736	   3212	 109720	  1ac98	Game.elf
'Finished building: Game.elf.size'
' '
15:00:33 **** Auto Build of configuration Debug for project Game ****
make all 
'Building file: ../src/main.c'
'Invoking: MicroBlaze gcc compiler'
mb-gcc -Wall -O0 -g3 -c -fmessage-length=0 -MT"src/main.o" -I../../Game_bsp/microblaze_0/include -mlittle-endian -mcpu=v11.0 -mxl-soft-mul -Wl,--no-relax -ffunction-sections -fdata-sections -MMD -MP -MF"src/main.d" -MT"src/main.o" -o "src/main.o" "../src/main.c"
../src/main.c: In function 'main':
../src/main.c:24:3: warning: enumeration value 'MENU' not handled in switch [-Wswitch]
   switch(gameState){
   ^~~~~~
'Finished building: ../src/main.c'
' '
'Building target: Game.elf'
'Invoking: MicroBlaze gcc linker'
mb-gcc -Wl,-T -Wl,../src/lscript.ld -L../../Game_bsp/microblaze_0/lib -mlittle-endian -mcpu=v11.0 -mxl-soft-mul -Wl,--no-relax -Wl,--gc-sections -o "Game.elf"  ./src/util/ublaze_util.o  ./src/screen/font.o ./src/screen/screen.o ./src/screen/screen_builders.o  ./src/objects/ball.o ./src/objects/game.o ./src/objects/player.o  ./src/drivers/keyboard.o ./src/drivers/vga.o  ./src/main.o   -Wl,--start-group,-lxil,-lgcc,-lc,--end-group
'Finished building target: Game.elf'
' '
'Invoking: MicroBlaze Print Size'
mb-size Game.elf  |tee "Game.elf.size"
   text	   data	    bss	    dec	    hex	filename
 104780	   1740	   3216	 109736	  1aca8	Game.elf
'Finished building: Game.elf.size'
' '
15:01:11 **** Auto Build of configuration Debug for project Game ****
make all 
'Building file: ../src/main.c'
'Invoking: MicroBlaze gcc compiler'
mb-gcc -Wall -O0 -g3 -c -fmessage-length=0 -MT"src/main.o" -I../../Game_bsp/microblaze_0/include -mlittle-endian -mcpu=v11.0 -mxl-soft-mul -Wl,--no-relax -ffunction-sections -fdata-sections -MMD -MP -MF"src/main.d" -MT"src/main.o" -o "src/main.o" "../src/main.c"
'Finished building: ../src/main.c'
' '
'Building target: Game.elf'
'Invoking: MicroBlaze gcc linker'
mb-gcc -Wl,-T -Wl,../src/lscript.ld -L../../Game_bsp/microblaze_0/lib -mlittle-endian -mcpu=v11.0 -mxl-soft-mul -Wl,--no-relax -Wl,--gc-sections -o "Game.elf"  ./src/util/ublaze_util.o  ./src/screen/font.o ./src/screen/screen.o ./src/screen/screen_builders.o  ./src/objects/ball.o ./src/objects/game.o ./src/objects/player.o  ./src/drivers/keyboard.o ./src/drivers/vga.o  ./src/main.o   -Wl,--start-group,-lxil,-lgcc,-lc,--end-group
'Finished building target: Game.elf'
' '
'Invoking: MicroBlaze Print Size'
mb-size Game.elf  |tee "Game.elf.size"
   text	   data	    bss	    dec	    hex	filename
 104800	   1736	   3208	 109744	  1acb0	Game.elf
'Finished building: Game.elf.size'
' '
15:08:59 **** Auto Build of configuration Debug for project Game ****
make all 
'Building file: ../src/main.c'
'Invoking: MicroBlaze gcc compiler'
mb-gcc -Wall -O0 -g3 -c -fmessage-length=0 -MT"src/main.o" -I../../Game_bsp/microblaze_0/include -mlittle-endian -mcpu=v11.0 -mxl-soft-mul -Wl,--no-relax -ffunction-sections -fdata-sections -MMD -MP -MF"src/main.d" -MT"src/main.o" -o "src/main.o" "../src/main.c"
'Finished building: ../src/main.c'
' '
'Building target: Game.elf'
'Invoking: MicroBlaze gcc linker'
mb-gcc -Wl,-T -Wl,../src/lscript.ld -L../../Game_bsp/microblaze_0/lib -mlittle-endian -mcpu=v11.0 -mxl-soft-mul -Wl,--no-relax -Wl,--gc-sections -o "Game.elf"  ./src/util/ublaze_util.o  ./src/screen/font.o ./src/screen/screen.o ./src/screen/screen_builders.o  ./src/objects/ball.o ./src/objects/game.o ./src/objects/player.o  ./src/drivers/keyboard.o ./src/drivers/vga.o  ./src/main.o   -Wl,--start-group,-lxil,-lgcc,-lc,--end-group
'Finished building target: Game.elf'
' '
'Invoking: MicroBlaze Print Size'
mb-size Game.elf  |tee "Game.elf.size"
   text	   data	    bss	    dec	    hex	filename
 105040	   1736	   3208	 109984	  1ada0	Game.elf
'Finished building: Game.elf.size'
' '
15:09:06 **** Incremental Build of configuration Debug for project Game ****
make all 
make: Nothing to be done for 'all'.
15:10:13 **** Auto Build of configuration Debug for project Game ****
make all 
'Building file: ../src/main.c'
'Invoking: MicroBlaze gcc compiler'
mb-gcc -Wall -O0 -g3 -c -fmessage-length=0 -MT"src/main.o" -I../../Game_bsp/microblaze_0/include -mlittle-endian -mcpu=v11.0 -mxl-soft-mul -Wl,--no-relax -ffunction-sections -fdata-sections -MMD -MP -MF"src/main.d" -MT"src/main.o" -o "src/main.o" "../src/main.c"
'Finished building: ../src/main.c'
' '
'Building target: Game.elf'
'Invoking: MicroBlaze gcc linker'
mb-gcc -Wl,-T -Wl,../src/lscript.ld -L../../Game_bsp/microblaze_0/lib -mlittle-endian -mcpu=v11.0 -mxl-soft-mul -Wl,--no-relax -Wl,--gc-sections -o "Game.elf"  ./src/util/ublaze_util.o  ./src/screen/font.o ./src/screen/screen.o ./src/screen/screen_builders.o  ./src/objects/ball.o ./src/objects/game.o ./src/objects/player.o  ./src/drivers/keyboard.o ./src/drivers/vga.o  ./src/main.o   -Wl,--start-group,-lxil,-lgcc,-lc,--end-group
'Finished building target: Game.elf'
' '
'Invoking: MicroBlaze Print Size'
mb-size Game.elf  |tee "Game.elf.size"
   text	   data	    bss	    dec	    hex	filename
 105016	   1736	   3208	 109960	  1ad88	Game.elf
'Finished building: Game.elf.size'
' '
15:10:15 **** Incremental Build of configuration Debug for project Game ****
make all 
make: Nothing to be done for 'all'.
15:11:05 **** Auto Build of configuration Debug for project Game ****
make all 
'Building file: ../src/main.c'
'Invoking: MicroBlaze gcc compiler'
mb-gcc -Wall -O0 -g3 -c -fmessage-length=0 -MT"src/main.o" -I../../Game_bsp/microblaze_0/include -mlittle-endian -mcpu=v11.0 -mxl-soft-mul -Wl,--no-relax -ffunction-sections -fdata-sections -MMD -MP -MF"src/main.d" -MT"src/main.o" -o "src/main.o" "../src/main.c"
'Finished building: ../src/main.c'
' '
'Building target: Game.elf'
'Invoking: MicroBlaze gcc linker'
mb-gcc -Wl,-T -Wl,../src/lscript.ld -L../../Game_bsp/microblaze_0/lib -mlittle-endian -mcpu=v11.0 -mxl-soft-mul -Wl,--no-relax -Wl,--gc-sections -o "Game.elf"  ./src/util/ublaze_util.o  ./src/screen/font.o ./src/screen/screen.o ./src/screen/screen_builders.o  ./src/objects/ball.o ./src/objects/game.o ./src/objects/player.o  ./src/drivers/keyboard.o ./src/drivers/vga.o  ./src/main.o   -Wl,--start-group,-lxil,-lgcc,-lc,--end-group
'Finished building target: Game.elf'
' '
'Invoking: MicroBlaze Print Size'
mb-size Game.elf  |tee "Game.elf.size"
   text	   data	    bss	    dec	    hex	filename
 105016	   1736	   3208	 109960	  1ad88	Game.elf
'Finished building: Game.elf.size'
' '
15:11:08 **** Incremental Build of configuration Debug for project Game ****
make all 
make: Nothing to be done for 'all'.
15:11:26 **** Incremental Build of configuration Debug for project Game ****
make all 
'Building file: ../src/main.c'
'Invoking: MicroBlaze gcc compiler'
mb-gcc -Wall -O0 -g3 -c -fmessage-length=0 -MT"src/main.o" -I../../Game_bsp/microblaze_0/include -mlittle-endian -mcpu=v11.0 -mxl-soft-mul -Wl,--no-relax -ffunction-sections -fdata-sections -MMD -MP -MF"src/main.d" -MT"src/main.o" -o "src/main.o" "../src/main.c"
'Finished building: ../src/main.c'
' '
'Building target: Game.elf'
'Invoking: MicroBlaze gcc linker'
mb-gcc -Wl,-T -Wl,../src/lscript.ld -L../../Game_bsp/microblaze_0/lib -mlittle-endian -mcpu=v11.0 -mxl-soft-mul -Wl,--no-relax -Wl,--gc-sections -o "Game.elf"  ./src/util/ublaze_util.o  ./src/screen/font.o ./src/screen/screen.o ./src/screen/screen_builders.o  ./src/objects/ball.o ./src/objects/game.o ./src/objects/player.o  ./src/drivers/keyboard.o ./src/drivers/vga.o  ./src/main.o   -Wl,--start-group,-lxil,-lgcc,-lc,--end-group
'Finished building target: Game.elf'
' '
'Invoking: MicroBlaze Print Size'
mb-size Game.elf  |tee "Game.elf.size"
   text	   data	    bss	    dec	    hex	filename
 105028	   1736	   3212	 109976	  1ad98	Game.elf
'Finished building: Game.elf.size'
' '
15:12:02 **** Auto Build of configuration Debug for project Game ****
make all 
'Building file: ../src/main.c'
'Invoking: MicroBlaze gcc compiler'
mb-gcc -Wall -O0 -g3 -c -fmessage-length=0 -MT"src/main.o" -I../../Game_bsp/microblaze_0/include -mlittle-endian -mcpu=v11.0 -mxl-soft-mul -Wl,--no-relax -ffunction-sections -fdata-sections -MMD -MP -MF"src/main.d" -MT"src/main.o" -o "src/main.o" "../src/main.c"
../src/main.c: In function 'main':
../src/main.c:25:41: warning: large integer implicitly truncated to unsigned type [-Woverflow]
    font_write_string("press enter", 15, 600, 0xabc);
                                         ^~~
'Finished building: ../src/main.c'
' '
'Building target: Game.elf'
'Invoking: MicroBlaze gcc linker'
mb-gcc -Wl,-T -Wl,../src/lscript.ld -L../../Game_bsp/microblaze_0/lib -mlittle-endian -mcpu=v11.0 -mxl-soft-mul -Wl,--no-relax -Wl,--gc-sections -o "Game.elf"  ./src/util/ublaze_util.o  ./src/screen/font.o ./src/screen/screen.o ./src/screen/screen_builders.o  ./src/objects/ball.o ./src/objects/game.o ./src/objects/player.o  ./src/drivers/keyboard.o ./src/drivers/vga.o  ./src/main.o   -Wl,--start-group,-lxil,-lgcc,-lc,--end-group
'Finished building target: Game.elf'
' '
'Invoking: MicroBlaze Print Size'
mb-size Game.elf  |tee "Game.elf.size"
   text	   data	    bss	    dec	    hex	filename
 105028	   1736	   3212	 109976	  1ad98	Game.elf
'Finished building: Game.elf.size'
' '
15:12:03 **** Incremental Build of configuration Debug for project Game ****
make all 
make: Nothing to be done for 'all'.
15:12:21 **** Auto Build of configuration Debug for project Game ****
make all 
'Building file: ../src/main.c'
'Invoking: MicroBlaze gcc compiler'
mb-gcc -Wall -O0 -g3 -c -fmessage-length=0 -MT"src/main.o" -I../../Game_bsp/microblaze_0/include -mlittle-endian -mcpu=v11.0 -mxl-soft-mul -Wl,--no-relax -ffunction-sections -fdata-sections -MMD -MP -MF"src/main.d" -MT"src/main.o" -o "src/main.o" "../src/main.c"
'Finished building: ../src/main.c'
' '
'Building target: Game.elf'
'Invoking: MicroBlaze gcc linker'
mb-gcc -Wl,-T -Wl,../src/lscript.ld -L../../Game_bsp/microblaze_0/lib -mlittle-endian -mcpu=v11.0 -mxl-soft-mul -Wl,--no-relax -Wl,--gc-sections -o "Game.elf"  ./src/util/ublaze_util.o  ./src/screen/font.o ./src/screen/screen.o ./src/screen/screen_builders.o  ./src/objects/ball.o ./src/objects/game.o ./src/objects/player.o  ./src/drivers/keyboard.o ./src/drivers/vga.o  ./src/main.o   -Wl,--start-group,-lxil,-lgcc,-lc,--end-group
'Finished building target: Game.elf'
' '
'Invoking: MicroBlaze Print Size'
mb-size Game.elf  |tee "Game.elf.size"
   text	   data	    bss	    dec	    hex	filename
 105028	   1736	   3212	 109976	  1ad98	Game.elf
'Finished building: Game.elf.size'
' '
15:12:23 **** Incremental Build of configuration Debug for project Game ****
make all 
make: Nothing to be done for 'all'.
15:13:35 **** Incremental Build of configuration Debug for project Game ****
make all 
make: Nothing to be done for 'all'.
15:18:40 **** Incremental Build of configuration Debug for project Game ****
make all 
make: Nothing to be done for 'all'.
